CMake Deprecation Warning at CMakeLists.txt:15 (cmake_minimum_required):
  Compatibility with CMake < 3.5 will be removed from a future version of
  CMake.

  Update the VERSION argument <min> value or use a ...<max> suffix to tell
  CMake that the project does not need compatibility with older versions.


-- Enabling ccache
-- The C compiler identification is GNU 13.3.0
-- The CXX compiler identification is GNU 13.3.0
-- Detecting C compiler ABI info
-- Detecting C compiler ABI info - done
-- Check for working C compiler: /usr/bin/cc - skipped
-- Detecting C compile features
-- Detecting C compile features - done
-- Detecting CXX compiler ABI info
-- Detecting CXX compiler ABI info - done
-- Check for working CXX compiler: /usr/bin/c++ - skipped
-- Detecting CXX compile features
-- Detecting CXX compile features - done
CMake Warning (dev) at CMakeLists.txt:84 (find_package):
  Policy CMP0148 is not set: The FindPythonInterp and FindPythonLibs modules
  are removed.  Run "cmake --help-policy CMP0148" for policy details.  Use
  the cmake_policy command to set the policy and suppress this warning.

This warning is for project developers.  Use -Wno-dev to suppress it.

-- Found PythonInterp: /usr/bin/python3 (found suitable version "3.12.3", minimum required is "3") 
-- Found FLEX: /usr/bin/flex (found version "2.6.4") 
-- Found BISON: /usr/bin/bison (found suitable version "3.8.2", minimum required is "3.0.2") 
-- Found Protobuf: /usr/lib/x86_64-linux-gnu/libprotobuf.a (found suitable version "3.21.12", minimum required is "3.0.0") 
-- Found Boost: /usr/lib/x86_64-linux-gnu/cmake/Boost-1.83.0/BoostConfig.cmake (found version "1.83.0") found components: iostreams 
-- Found LibGc: /usr/lib/x86_64-linux-gnu/libgccpp.so (found suitable version "8.2.6", minimum required is "7.2.0") 
-- Found Threads: TRUE  
-- Found LibGmp: /usr/lib/x86_64-linux-gnu/libgmpxx.so  
-- Looking for clock_gettime in rt
-- Looking for clock_gettime in rt - found
-- Looking for execinfo.h
-- Looking for execinfo.h - found
-- Looking for ucontext.h
-- Looking for ucontext.h - found
-- Looking for C++ include cxxabi.h
-- Looking for C++ include cxxabi.h - found
-- Looking for memchr
-- Looking for memchr - found
-- Looking for pipe2
-- Looking for pipe2 - found
-- Looking for GC_print_stats
-- Looking for GC_print_stats - not found
-- Found PY_difflib: /usr/lib/python3.12/difflib.py  
-- Found PY_shutil: /usr/lib/python3.12/shutil.py  
-- Found PY_tempfile: /usr/lib/python3.12/tempfile.py  
-- Found PY_subprocess: /usr/lib/python3.12/subprocess.py  
-- Found PY_re: /usr/lib/python3.12/re  
-- Could NOT find Doxygen (missing: DOXYGEN_EXECUTABLE) 
CMake Warning (dev) at /usr/share/cmake-3.28/Modules/FindPackageHandleStandardArgs.cmake:438 (message):
  The package name passed to `find_package_handle_standard_args` (BMv2
  programs) does not match the name of the calling package (BMV2).  This can
  lead to problems in calling code that expects `find_package` result
  variables (e.g., `_FOUND`) to follow a certain pattern.
Call Stack (most recent call first):
  cmake/FindBMV2.cmake:22 (find_package_handle_standard_args)
  CMakeLists.txt:168 (find_package)
This warning is for project developers.  Use -Wno-dev to suppress it.

-- Program 'simple_switch_CLI' (https://github.com/p4lang/behavioral-model.git) not found;
Searched .
Will not run BMv2 tests. (missing: SIMPLE_SWITCH SIMPLE_SWITCH_CLI) 
CMake Warning (dev) at /usr/share/cmake-3.28/Modules/FindPackageHandleStandardArgs.cmake:438 (message):
  The package name passed to `find_package_handle_standard_args` (BMv2
  programs) does not match the name of the calling package (BMV2).  This can
  lead to problems in calling code that expects `find_package` result
  variables (e.g., `_FOUND`) to follow a certain pattern.
Call Stack (most recent call first):
  cmake/FindBMV2.cmake:46 (find_package_handle_standard_args)
  CMakeLists.txt:168 (find_package)
This warning is for project developers.  Use -Wno-dev to suppress it.

-- Program 'psa_switch_CLI' (https://github.com/p4lang/behavioral-model.git) not found;
Searched .
Will not run PSA BMv2 tests. (missing: PSA_SWITCH PSA_SWITCH_CLI) 
-- Performing Test _HAVE_OPTION_Wall_
-- Performing Test _HAVE_OPTION_Wall_ - Success
-- Performing Test _HAVE_OPTION_Wextra_
-- Performing Test _HAVE_OPTION_Wextra_ - Success
-- Performing Test _HAVE_OPTION_Wnooverloadedvirtual_
-- Performing Test _HAVE_OPTION_Wnooverloadedvirtual_ - Success
-- Performing Test _HAVE_OPTION_Wnodeprecated_
-- Performing Test _HAVE_OPTION_Wnodeprecated_ - Success
-- Using the GNU gold linker.
-- Available extensions 
CMake Warning at backends/bmv2/CMakeLists.txt:203 (MESSAGE):
  BMv2 simple switch is not available, not adding v1model BMv2 tests


CMake Warning at backends/bmv2/CMakeLists.txt:209 (MESSAGE):
  BMv2 PSA switch is not available, not adding PSA BMv2 tests


-- Start configuring eBPF back end
-- Detected kernel version: 6.6.87.2-microsoft-standard-WSL2
-- Check LLVM version with 'llvm-config --version'
CMake Warning (dev) at backends/ebpf/CMakeLists.txt:142 (exec_program):
  Policy CMP0153 is not set: The exec_program command should not be called.
  Run "cmake --help-policy CMP0153" for policy details.  Use the cmake_policy
  command to set the policy and suppress this warning.

  Use execute_process() instead.
This warning is for project developers.  Use -Wno-dev to suppress it.

-- Found LLVM 18.1.3
CMake Warning at backends/ebpf/CMakeLists.txt:165 (message):
  Missing the libbpf dependency, disabling kernel tests.  You can install
  libbpf by running './build_libbpf' in the
  /mnt/e/p4-verify/P4B-Translator/backends/ebpf/runtime folder.


-- Added 16 tests to 'ebpf-bcc' (0 xfails)
-- Added 16 tests to 'ebpf' (1 xfails)
-- Done with configuring BPF back end
-- Added 16 tests to 'ubpf' (0 xfails)
-- Added 6 tests to 'p4' (0 xfails)
-- Added 729 tests to 'p4' (1 xfails)
-- Added 6 tests to 'err' (0 xfails)
-- Added 232 tests to 'err' (0 xfails)
-- Added 191 tests to 'p14_to_16' (0 xfails)
-- CTest parallel: -j 16
-- Configuring done (143.8s)
-- Generating done (7.2s)
-- Build files have been written to: /mnt/e/p4-verify/P4B-Translator/build-host
