[RUN] taskset -c 0 nice -n 19 ionice -c 3 timeout 960 /home/smy/p4-verify-camera-ready/.tmp/orphan-worktree-20260703-gemcutter/UGemCutter-linux/Ultimate --launcher.ini /home/smy/p4-verify-camera-ready/.tmp/procurator/verify/netchain_wraparound_bug/20260704-071815-3352/wraparound/target.00.s1_sequence_reg/ultimate-home/netchain_wraparound_bug.cegis.00/entry/Ultimate.launcher.ini --core.toolchain.timeout.in.seconds=900 -tc /home/smy/p4-verify-camera-ready/src/dslc/toolchain/ultimate/toolchains/ReachSafety.xml -s /home/smy/p4-verify-camera-ready/src/dslc/toolchain/ultimate/settings/gemcutter/base/ReachSafety-32bit-GemCutter-ALL.epf -i /home/smy/p4-verify-camera-ready/.tmp/procurator/verify/netchain_wraparound_bug/20260704-071815-3352/wraparound/target.00.s1_sequence_reg/netchain_wraparound_bug.cegis.00.entry_check.bpl
Picked up JAVA_TOOL_OPTIONS: -Duser.home=/home/smy/p4-verify-camera-ready/.tmp/procurator/verify/netchain_wraparound_bug/20260704-071815-3352/wraparound/target.00.s1_sequence_reg/ultimate-home/netchain_wraparound_bug.cegis.00/entry
WARNING: A terminally deprecated method in sun.misc.Unsafe has been called
WARNING: sun.misc.Unsafe::staticFieldOffset has been called by org.eclipse.osgi.internal.url.MultiplexingFactory (file:/home/smy/p4-verify-camera-ready/.tmp/orphan-worktree-20260703-gemcutter/UGemCutter-linux/plugins/org.eclipse.osgi_3.20.0.v20240509-1421.jar)
WARNING: Please consider reporting this to the maintainers of class org.eclipse.osgi.internal.url.MultiplexingFactory
WARNING: sun.misc.Unsafe::staticFieldOffset will be removed in a future release
WARNING: A restricted method in java.lang.Runtime has been called
WARNING: java.lang.Runtime::load has been called by org.eclipse.equinox.launcher.JNIBridge in an unnamed module (file:/home/smy/p4-verify-camera-ready/.tmp/orphan-worktree-20260703-gemcutter/UGemCutter-linux/plugins/org.eclipse.equinox.launcher_1.6.800.v20240513-1750.jar)
WARNING: Use --enable-native-access=ALL-UNNAMED to avoid a warning for callers in this module
WARNING: Restricted methods will be blocked in a future release unless native access is enabled

This is Ultimate 0.3.1-dev-35a8436538
[2026-07-04 07:18:19,656 INFO  L188        SettingsManager]: Resetting all preferences to default values...
[2026-07-04 07:18:19,767 INFO  L114        SettingsManager]: Loading settings from /home/smy/p4-verify-camera-ready/src/dslc/toolchain/ultimate/settings/gemcutter/base/ReachSafety-32bit-GemCutter-ALL.epf
[2026-07-04 07:18:19,792 WARN  L101        SettingsManager]: Preference file contains the following unknown settings:
[2026-07-04 07:18:19,797 WARN  L103        SettingsManager]:   * de.uni_freiburg.informatik.ultimate.core.Log level for class
[2026-07-04 07:18:19,824 INFO  L130        SettingsManager]: Preferences different from defaults after loading the file:
[2026-07-04 07:18:19,825 INFO  L151        SettingsManager]: Preferences of UltimateCore differ from their defaults:
[2026-07-04 07:18:19,825 INFO  L153        SettingsManager]:  * Log level for class=de.uni_freiburg.informatik.ultimate.lib.smtlibutils.quantifier.QuantifierPusher=ERROR;
[2026-07-04 07:18:19,825 INFO  L151        SettingsManager]: Preferences of Boogie Procedure Inliner differ from their defaults:
[2026-07-04 07:18:19,825 INFO  L153        SettingsManager]:  * Ignore calls to procedures called more than once=ONLY_FOR_SEQUENTIAL_PROGRAMS
[2026-07-04 07:18:19,830 INFO  L151        SettingsManager]: Preferences of BlockEncodingV2 differ from their defaults:
[2026-07-04 07:18:19,830 INFO  L153        SettingsManager]:  * Create parallel compositions if possible=false
[2026-07-04 07:18:19,830 INFO  L153        SettingsManager]:  * Use SBE=true
[2026-07-04 07:18:19,830 INFO  L151        SettingsManager]: Preferences of CACSL2BoogieTranslator differ from their defaults:
[2026-07-04 07:18:19,831 INFO  L153        SettingsManager]:  * sizeof long=4
[2026-07-04 07:18:19,831 INFO  L153        SettingsManager]:  * Overapproximate operations on floating types=true
[2026-07-04 07:18:19,831 INFO  L153        SettingsManager]:  * sizeof POINTER=4
[2026-07-04 07:18:19,831 INFO  L153        SettingsManager]:  * Check division by zero=IGNORE
[2026-07-04 07:18:19,837 INFO  L153        SettingsManager]:  * If two pointers are subtracted or compared they have the same base address=IGNORE
[2026-07-04 07:18:19,837 INFO  L153        SettingsManager]:  * Pointer dereference validity=IGNORE
[2026-07-04 07:18:19,837 INFO  L153        SettingsManager]:  * sizeof long double=12
[2026-07-04 07:18:19,837 INFO  L153        SettingsManager]:  * Check if freed pointer was valid=false
[2026-07-04 07:18:19,838 INFO  L153        SettingsManager]:  * Use constant arrays=true
[2026-07-04 07:18:19,838 INFO  L151        SettingsManager]: Preferences of RCFGBuilder differ from their defaults:
[2026-07-04 07:18:19,838 INFO  L153        SettingsManager]:  * Size of a code block=SequenceOfStatements
[2026-07-04 07:18:19,838 INFO  L153        SettingsManager]:  * SMT solver=External_DefaultMode
[2026-07-04 07:18:19,838 INFO  L153        SettingsManager]:  * Command for external solver=z3 SMTLIB2_COMPLIANT=true -memory:2024 -smt2 -in -t:2000
[2026-07-04 07:18:19,838 INFO  L151        SettingsManager]: Preferences of TraceAbstraction differ from their defaults:
[2026-07-04 07:18:19,838 INFO  L153        SettingsManager]:  * Compute Interpolants along a Counterexample=FPandBP
[2026-07-04 07:18:19,838 INFO  L153        SettingsManager]:  * Positions where we compute the Hoare Annotation=LoopHeads
[2026-07-04 07:18:19,838 INFO  L153        SettingsManager]:  * DFS Order used in POR=LOOP_LOCKSTEP
[2026-07-04 07:18:19,838 INFO  L153        SettingsManager]:  * Command for external solver=z3 SMTLIB2_COMPLIANT=true -memory:2024 -smt2 -in
[2026-07-04 07:18:19,838 INFO  L153        SettingsManager]:  * Automaton type used in concurrency analysis=PARTIAL_ORDER_FA
[2026-07-04 07:18:19,838 INFO  L153        SettingsManager]:  * CEGAR restart behaviour=ONE_CEGAR_PER_THREAD_INSTANCE
[2026-07-04 07:18:19,838 INFO  L153        SettingsManager]:  * Partial Order Reduction in concurrent analysis=PERSISTENT_SLEEP_NEW_STATES_FIXEDORDER
[2026-07-04 07:18:19,838 INFO  L153        SettingsManager]:  * SMT solver=External_ModelsAndUnsatCoreMode
Applying setting for plugin de.uni_freiburg.informatik.ultimate.core: Toolchain timeout in seconds -> 900
[2026-07-04 07:18:20,270 INFO  L75    nceAwareModelManager]: Repository-Root is: /tmp
[2026-07-04 07:18:20,291 INFO  L261   ainManager$Toolchain]: [Toolchain 1]: Applicable parser(s) successfully (re)initialized
[2026-07-04 07:18:20,293 INFO  L217   ainManager$Toolchain]: [Toolchain 1]: Toolchain selected.
[2026-07-04 07:18:20,295 INFO  L270        PluginConnector]: Initializing Boogie PL CUP Parser...
[2026-07-04 07:18:20,296 INFO  L274        PluginConnector]: Boogie PL CUP Parser initialized
[2026-07-04 07:18:20,297 INFO  L431   ainManager$Toolchain]: [Toolchain 1]: Parsing single file: /home/smy/p4-verify-camera-ready/.tmp/procurator/verify/netchain_wraparound_bug/20260704-071815-3352/wraparound/target.00.s1_sequence_reg/netchain_wraparound_bug.cegis.00.entry_check.bpl
[2026-07-04 07:18:20,298 INFO  L110           BoogieParser]: Parsing: '/home/smy/p4-verify-camera-ready/.tmp/procurator/verify/netchain_wraparound_bug/20260704-071815-3352/wraparound/target.00.s1_sequence_reg/netchain_wraparound_bug.cegis.00.entry_check.bpl'
[2026-07-04 07:18:20,389 INFO  L299   ainManager$Toolchain]: ####################### [Toolchain 1] #######################
[2026-07-04 07:18:20,390 INFO  L133        ToolchainWalker]: Walking toolchain with 4 elements.
[2026-07-04 07:18:20,391 INFO  L112        PluginConnector]: ------------------------Boogie Procedure Inliner----------------------------
[2026-07-04 07:18:20,391 INFO  L270        PluginConnector]: Initializing Boogie Procedure Inliner...
[2026-07-04 07:18:20,391 INFO  L274        PluginConnector]: Boogie Procedure Inliner initialized
[2026-07-04 07:18:20,406 INFO  L184        PluginConnector]: Executing the observer TypeChecker from plugin Boogie Procedure Inliner for "netchain_wraparound_bug.cegis.00.entry_check.bpl de.uni_freiburg.informatik.ultimate.boogie.parser AST 04.07 07:18:20" (1/1) ...
[2026-07-04 07:18:20,436 INFO  L184        PluginConnector]: Executing the observer Inliner from plugin Boogie Procedure Inliner for "netchain_wraparound_bug.cegis.00.entry_check.bpl de.uni_freiburg.informatik.ultimate.boogie.parser AST 04.07 07:18:20" (1/1) ...
[2026-07-04 07:18:20,475 INFO  L138                Inliner]: procedures = 129, calls = 130, calls flagged for inlining = 77, calls inlined = 2, statements flattened = 64
[2026-07-04 07:18:20,476 INFO  L131        PluginConnector]: ------------------------ END Boogie Procedure Inliner----------------------------
[2026-07-04 07:18:20,476 INFO  L112        PluginConnector]: ------------------------Boogie Preprocessor----------------------------
[2026-07-04 07:18:20,477 INFO  L270        PluginConnector]: Initializing Boogie Preprocessor...
[2026-07-04 07:18:20,477 INFO  L274        PluginConnector]: Boogie Preprocessor initialized
[2026-07-04 07:18:20,480 INFO  L184        PluginConnector]: Executing the observer EnsureBoogieModelObserver from plugin Boogie Preprocessor for "netchain_wraparound_bug.cegis.00.entry_check.bpl de.uni_freiburg.informatik.ultimate.boogie.parser AST 04.07 07:18:20" (1/1) ...
[2026-07-04 07:18:20,480 INFO  L184        PluginConnector]: Executing the observer TypeChecker from plugin Boogie Preprocessor for "netchain_wraparound_bug.cegis.00.entry_check.bpl de.uni_freiburg.informatik.ultimate.boogie.parser AST 04.07 07:18:20" (1/1) ...
[2026-07-04 07:18:20,493 INFO  L184        PluginConnector]: Executing the observer ConstExpander from plugin Boogie Preprocessor for "netchain_wraparound_bug.cegis.00.entry_check.bpl de.uni_freiburg.informatik.ultimate.boogie.parser AST 04.07 07:18:20" (1/1) ...
[2026-07-04 07:18:20,495 INFO  L184        PluginConnector]: Executing the observer StructExpander from plugin Boogie Preprocessor for "netchain_wraparound_bug.cegis.00.entry_check.bpl de.uni_freiburg.informatik.ultimate.boogie.parser AST 04.07 07:18:20" (1/1) ...
[2026-07-04 07:18:20,510 INFO  L184        PluginConnector]: Executing the observer ReplaceArrayAssignments from plugin Boogie Preprocessor for "netchain_wraparound_bug.cegis.00.entry_check.bpl de.uni_freiburg.informatik.ultimate.boogie.parser AST 04.07 07:18:20" (1/1) ...
[2026-07-04 07:18:20,510 INFO  L184        PluginConnector]: Executing the observer UnstructureCode from plugin Boogie Preprocessor for "netchain_wraparound_bug.cegis.00.entry_check.bpl de.uni_freiburg.informatik.ultimate.boogie.parser AST 04.07 07:18:20" (1/1) ...
[2026-07-04 07:18:20,511 INFO  L184        PluginConnector]: Executing the observer FunctionInliner from plugin Boogie Preprocessor for "netchain_wraparound_bug.cegis.00.entry_check.bpl de.uni_freiburg.informatik.ultimate.boogie.parser AST 04.07 07:18:20" (1/1) ...
[2026-07-04 07:18:20,512 INFO  L184        PluginConnector]: Executing the observer LTLStepAnnotator from plugin Boogie Preprocessor for "netchain_wraparound_bug.cegis.00.entry_check.bpl de.uni_freiburg.informatik.ultimate.boogie.parser AST 04.07 07:18:20" (1/1) ...
[2026-07-04 07:18:20,513 INFO  L184        PluginConnector]: Executing the observer BoogieSymbolTableConstructor from plugin Boogie Preprocessor for "netchain_wraparound_bug.cegis.00.entry_check.bpl de.uni_freiburg.informatik.ultimate.boogie.parser AST 04.07 07:18:20" (1/1) ...
[2026-07-04 07:18:20,529 INFO  L131        PluginConnector]: ------------------------ END Boogie Preprocessor----------------------------
[2026-07-04 07:18:20,534 INFO  L112        PluginConnector]: ------------------------RCFGBuilder----------------------------
[2026-07-04 07:18:20,534 INFO  L270        PluginConnector]: Initializing RCFGBuilder...
[2026-07-04 07:18:20,534 INFO  L274        PluginConnector]: RCFGBuilder initialized
[2026-07-04 07:18:20,535 INFO  L184        PluginConnector]: Executing the observer RCFGBuilderObserver from plugin RCFGBuilder for "netchain_wraparound_bug.cegis.00.entry_check.bpl de.uni_freiburg.informatik.ultimate.boogie.parser AST 04.07 07:18:20" (1/1) ...
[2026-07-04 07:18:20,543 INFO  L173          SolverBuilder]: Constructing external solver with command: z3 SMTLIB2_COMPLIANT=true -memory:2024 -smt2 -in -t:2000
[2026-07-04 07:18:20,563 INFO  L189       MonitoredProcess]: No working directory specified, using /usr/bin/z3
[2026-07-04 07:18:20,577 INFO  L229       MonitoredProcess]: Starting monitored process 1 with /usr/bin/z3 SMTLIB2_COMPLIANT=true -memory:2024 -smt2 -in -t:2000 (exit command is (exit), workingDir is null)
[2026-07-04 07:18:20,580 INFO  L327       MonitoredProcess]: [MP /usr/bin/z3 SMTLIB2_COMPLIANT=true -memory:2024 -smt2 -in -t:2000 (1)] Waiting until timeout for monitored process
[2026-07-04 07:18:20,615 INFO  L124     BoogieDeclarations]: Specification and implementation of procedure ULTIMATE.start given in one single declaration
[2026-07-04 07:18:20,615 INFO  L130     BoogieDeclarations]: Found specification of procedure ULTIMATE.start
[2026-07-04 07:18:20,615 INFO  L138     BoogieDeclarations]: Found implementation of procedure ULTIMATE.start
[2026-07-04 07:18:20,951 INFO  L234             CfgBuilder]: Building ICFG
[2026-07-04 07:18:20,953 INFO  L260             CfgBuilder]: Building CFG for each procedure with an implementation
[2026-07-04 07:18:21,052 INFO  L?                        ?]: Removed 0 outVars from TransFormulas that were not future-live.
[2026-07-04 07:18:21,052 INFO  L283             CfgBuilder]: Performing block encoding
[2026-07-04 07:18:21,056 INFO  L89      LargeBlockEncoding]: Applying CFG Large Block Encoding to ICFG that has 1 procedures, 7 locations, 6 edges, 0 initial locations, 0 loop locations, and 1 error locations.
[2026-07-04 07:18:21,063 INFO  L139     LargeBlockEncoding]: LargeBlockEncoding completed in 10 ms, with 0 straightline sequential compositions, 0 parallel compositions, 0 1:n/n:1 sequential compositions and 0 complex sequential compositions.
[2026-07-04 07:18:21,064 INFO  L307             CfgBuilder]: Using the 1 location(s) as analysis (start of procedure ULTIMATE.start)
[2026-07-04 07:18:21,064 INFO  L312             CfgBuilder]: Removed 0 assume(true) statements.
[2026-07-04 07:18:21,064 INFO  L314             CfgBuilder]: Constructed ICFG has 1 procedures, 7 locations, 6 edges, 1 initial locations, 0 loop locations, and 1 error locations.
[2026-07-04 07:18:21,064 INFO  L201        PluginConnector]: Adding new model netchain_wraparound_bug.cegis.00.entry_check.bpl de.uni_freiburg.informatik.ultimate.plugins.generator.rcfgbuilder CFG 04.07 07:18:21 BoogieIcfgContainer
[2026-07-04 07:18:21,065 INFO  L131        PluginConnector]: ------------------------ END RCFGBuilder----------------------------
[2026-07-04 07:18:21,074 INFO  L112        PluginConnector]: ------------------------TraceAbstraction----------------------------
[2026-07-04 07:18:21,074 INFO  L270        PluginConnector]: Initializing TraceAbstraction...
[2026-07-04 07:18:21,076 INFO  L274        PluginConnector]: TraceAbstraction initialized
[2026-07-04 07:18:21,077 INFO  L184        PluginConnector]: Executing the observer TraceAbstractionObserver from plugin TraceAbstraction for "netchain_wraparound_bug.cegis.00.entry_check.bpl de.uni_freiburg.informatik.ultimate.boogie.parser AST 04.07 07:18:20" (1/2) ...
[2026-07-04 07:18:21,077 INFO  L204        PluginConnector]: Invalid model from TraceAbstraction for observer de.uni_freiburg.informatik.ultimate.plugins.generator.traceabstraction.TraceAbstractionObserver@2cda7666 and model type netchain_wraparound_bug.cegis.00.entry_check.bpl de.uni_freiburg.informatik.ultimate.plugins.generator.traceabstraction AST 04.07 07:18:21, skipping insertion in model container
[2026-07-04 07:18:21,077 INFO  L184        PluginConnector]: Executing the observer TraceAbstractionObserver from plugin TraceAbstraction for "netchain_wraparound_bug.cegis.00.entry_check.bpl de.uni_freiburg.informatik.ultimate.plugins.generator.rcfgbuilder CFG 04.07 07:18:21" (2/2) ...
[2026-07-04 07:18:21,082 INFO  L128   eAbstractionObserver]: Analyzing ICFG netchain_wraparound_bug.cegis.00.entry_check.bpl
[2026-07-04 07:18:21,097 INFO  L217   ceAbstractionStarter]: Automizer settings: Hoare:LoopHeads NWA Interpolation:FPandBP Determinization: PREDICATE_ABSTRACTION
[2026-07-04 07:18:21,097 INFO  L151   ceAbstractionStarter]: Applying trace abstraction to ICFG netchain_wraparound_bug.cegis.00.entry_check.bpl that has 1 procedures, 7 locations, 6 edges, 1 initial locations, 0 loop locations, and 1 error locations.
[2026-07-04 07:18:21,103 WARN  L366   ceAbstractionStarter]: Program is not concurrent. Changing CEGAR restart behaviour to ONLY_ONE_CEGAR
[2026-07-04 07:18:21,275 INFO  L344      AbstractCegarLoop]: ======== Iteration 0 == of CEGAR loop == AllErrorsAtOnce ========
[2026-07-04 07:18:21,288 INFO  L345      AbstractCegarLoop]: Settings: SEPARATE_VIOLATION_CHECK=true, mInterprocedural=true, mMaxIterations=1000000, mWatchIteration=1000000, mArtifact=RCFG, mInterpolation=FPandBP, mInterpolantAutomaton=STRAIGHT_LINE, mDumpAutomata=false, mAutomataFormat=ATS_NUMERATE, mDumpPath=., mDeterminiation=PREDICATE_ABSTRACTION, mMinimize=MINIMIZE_SEVPA, mAutomataTypeConcurrency=PARTIAL_ORDER_FA, mHoareTripleChecks=INCREMENTAL, mHoareAnnotationPositions=LoopHeads, mDumpOnlyReuseAutomata=false, mLimitTraceHistogram=0, mErrorLocTimeLimit=0, mLimitPathProgramCount=0, mCollectInterpolantStatistics=true, mHeuristicEmptinessCheck=false, mHeuristicEmptinessCheckAStarHeuristic=ZERO, mHeuristicEmptinessCheckAStarHeuristicRandomSeed=1337, mHeuristicEmptinessCheckSmtFeatureScoringMethod=DAGSIZE, mSMTFeatureExtraction=false, mSMTFeatureExtractionDumpPath=., mOverrideInterpolantAutomaton=false, mMcrInterpolantMethod=WP, mPorIndependenceSettings=[Lde.uni_freiburg.informatik.ultimate.lib.tracecheckerutils.partialorder.independence.IndependenceSettings;@2705afcc, mLbeIndependenceSettings=[IndependenceType=SEMANTIC, AbstractionType=NONE, UseConditional=false, UseSemiCommutativity=true, Solver=Z3, SolverTimeout=1000ms]
[2026-07-04 07:18:21,288 INFO  L346      AbstractCegarLoop]: Starting to check reachability of 1 error locations.
[2026-07-04 07:18:21,293 INFO  L278                IsEmpty]: Start isEmpty. Operand  has 7 states, 5 states have (on average 1.2) internal successors, (6), 6 states have internal predecessors, (6), 0 states have call successors, (0), 0 states have call predecessors, (0), 0 states have return successors, (0), 0 states have call predecessors, (0), 0 states have call successors, (0)
[2026-07-04 07:18:21,296 INFO  L284                IsEmpty]: Finished isEmpty. Found accepting run of length 3
[2026-07-04 07:18:21,296 INFO  L199           NwaCegarLoop]: Found error trace
[2026-07-04 07:18:21,297 INFO  L207           NwaCegarLoop]: trace histogram [1, 1]
[2026-07-04 07:18:21,297 INFO  L408      AbstractCegarLoop]: === Iteration 1 === Targeting ULTIMATE.startErr0ASSERT_VIOLATIONASSERT === [ULTIMATE.startErr0ASSERT_VIOLATIONASSERT] ===
[2026-07-04 07:18:21,308 INFO  L156       PredicateUnifier]: Initialized classic predicate unifier
[2026-07-04 07:18:21,309 INFO  L85        PathProgramCache]: Analyzing trace with hash 962, now seen corresponding path program 1 times
[2026-07-04 07:18:21,316 INFO  L118   FreeRefinementEngine]: Executing refinement strategy FIXED_PREFERENCES
[2026-07-04 07:18:21,321 INFO  L324   FreeRefinementEngine]: Using trace check IpTcStrategyModulePreferences [1869044873]
[2026-07-04 07:18:21,321 INFO  L97    rtionOrderModulation]: Keeping assertion order NOT_INCREMENTALLY
[2026-07-04 07:18:21,322 INFO  L173          SolverBuilder]: Constructing external solver with command: z3 SMTLIB2_COMPLIANT=true -memory:2024 -smt2 -in
[2026-07-04 07:18:21,323 INFO  L189       MonitoredProcess]: No working directory specified, using /usr/bin/z3
[2026-07-04 07:18:21,334 INFO  L229       MonitoredProcess]: Starting monitored process 2 with /usr/bin/z3 SMTLIB2_COMPLIANT=true -memory:2024 -smt2 -in (exit command is (exit), workingDir is null)
[2026-07-04 07:18:21,336 INFO  L327       MonitoredProcess]: [MP /usr/bin/z3 SMTLIB2_COMPLIANT=true -memory:2024 -smt2 -in (2)] Waiting until timeout for monitored process
[2026-07-04 07:18:21,619 INFO  L108    AnnotateAndAsserter]: Assert order NOT_INCREMENTALLY partitioned 2 statements into 1 equivalence classes.
[2026-07-04 07:18:21,639 INFO  L111    AnnotateAndAsserter]: Assert order NOT_INCREMENTALLY issued 1 check-sat command(s) and asserted 2 of 2 statements.
[2026-07-04 07:18:21,640 INFO  L114    AnnotateAndAsserter]: Assert order NOT_INCREMENTALLY issued 1 check-sat command(s)
[2026-07-04 07:18:21,640 INFO  L115    AnnotateAndAsserter]: Conjunction of SSA is sat
[2026-07-04 07:18:21,640 INFO  L348             TraceCheck]: Trace is feasible, we will do another trace check, this time with branch encoders.
[2026-07-04 07:18:21,714 INFO  L108    AnnotateAndAsserter]: Assert order NOT_INCREMENTALLY partitioned 2 statements into 1 equivalence classes.
[2026-07-04 07:18:21,727 INFO  L111    AnnotateAndAsserter]: Assert order NOT_INCREMENTALLY issued 1 check-sat command(s) and asserted 2 of 2 statements.
[2026-07-04 07:18:21,728 INFO  L114    AnnotateAndAsserter]: Assert order NOT_INCREMENTALLY issued 1 check-sat command(s)
[2026-07-04 07:18:21,728 INFO  L115    AnnotateAndAsserter]: Conjunction of SSA is sat
[2026-07-04 07:18:21,947 INFO  L130   FreeRefinementEngine]: Strategy FIXED_PREFERENCES found a feasible trace
[2026-07-04 07:18:21,948 INFO  L342         BasicCegarLoop]: Counterexample is feasible
[2026-07-04 07:18:21,948 INFO  L795   garLoopResultBuilder]: Registering result UNSAFE for location ULTIMATE.startErr0ASSERT_VIOLATIONASSERT (0 of 1 remaining)
[2026-07-04 07:18:21,971 INFO  L546       MonitoredProcess]: [MP /usr/bin/z3 SMTLIB2_COMPLIANT=true -memory:2024 -smt2 -in (2)] Ended with exit code 0
[2026-07-04 07:18:22,161 WARN  L471      AbstractCegarLoop]: Destroyed unattended storables created during the last iteration: 2 /usr/bin/z3 SMTLIB2_COMPLIANT=true -memory:2024 -smt2 -in
[2026-07-04 07:18:22,171 INFO  L424         BasicCegarLoop]: Path program histogram: [1]
[2026-07-04 07:18:22,192 INFO  L171   ceAbstractionStarter]: Computing trace abstraction results
[2026-07-04 07:18:22,199 INFO  L201        PluginConnector]: Adding new model netchain_wraparound_bug.cegis.00.entry_check.bpl de.uni_freiburg.informatik.ultimate.plugins.generator.traceabstraction CFG 04.07 07:18:22 BoogieIcfgContainer
[2026-07-04 07:18:22,199 INFO  L131        PluginConnector]: ------------------------ END TraceAbstraction----------------------------
[2026-07-04 07:18:22,200 INFO  L158              Benchmark]: Toolchain (without parser) took 1809.60ms. Allocated memory is still 519.1MB. Free memory was 478.8MB in the beginning and 411.5MB in the end (delta: 67.3MB). Peak memory consumption was 67.3MB. Max. memory is 4.2GB.
[2026-07-04 07:18:22,200 INFO  L158              Benchmark]: Boogie PL CUP Parser took 0.13ms. Allocated memory is still 519.1MB. Free memory is still 487.4MB. There was no memory consumed. Max. memory is 4.2GB.
[2026-07-04 07:18:22,200 INFO  L158              Benchmark]: Boogie Procedure Inliner took 85.49ms. Allocated memory is still 519.1MB. Free memory was 478.8MB in the beginning and 474.5MB in the end (delta: 4.3MB). Peak memory consumption was 4.3MB. Max. memory is 4.2GB.
[2026-07-04 07:18:22,200 INFO  L158              Benchmark]: Boogie Preprocessor took 52.94ms. Allocated memory is still 519.1MB. Free memory was 474.5MB in the beginning and 473.1MB in the end (delta: 1.4MB). Peak memory consumption was 1.4MB. Max. memory is 4.2GB.
[2026-07-04 07:18:22,200 INFO  L158              Benchmark]: RCFGBuilder took 530.53ms. Allocated memory is still 519.1MB. Free memory was 473.1MB in the beginning and 451.9MB in the end (delta: 21.1MB). Peak memory consumption was 21.1MB. Max. memory is 4.2GB.
[2026-07-04 07:18:22,200 INFO  L158              Benchmark]: TraceAbstraction took 1125.57ms. Allocated memory is still 519.1MB. Free memory was 451.9MB in the beginning and 411.5MB in the end (delta: 40.4MB). Peak memory consumption was 40.4MB. Max. memory is 4.2GB.
[2026-07-04 07:18:22,201 INFO  L338   ainManager$Toolchain]: #######################  End [Toolchain 1] #######################
 --- Results ---
 * Results from de.uni_freiburg.informatik.ultimate.core:
  - StatisticsResult: Toolchain Benchmarks
    Benchmark results are:
 * Boogie PL CUP Parser took 0.13ms. Allocated memory is still 519.1MB. Free memory is still 487.4MB. There was no memory consumed. Max. memory is 4.2GB.
 * Boogie Procedure Inliner took 85.49ms. Allocated memory is still 519.1MB. Free memory was 478.8MB in the beginning and 474.5MB in the end (delta: 4.3MB). Peak memory consumption was 4.3MB. Max. memory is 4.2GB.
 * Boogie Preprocessor took 52.94ms. Allocated memory is still 519.1MB. Free memory was 474.5MB in the beginning and 473.1MB in the end (delta: 1.4MB). Peak memory consumption was 1.4MB. Max. memory is 4.2GB.
 * RCFGBuilder took 530.53ms. Allocated memory is still 519.1MB. Free memory was 473.1MB in the beginning and 451.9MB in the end (delta: 21.1MB). Peak memory consumption was 21.1MB. Max. memory is 4.2GB.
 * TraceAbstraction took 1125.57ms. Allocated memory is still 519.1MB. Free memory was 451.9MB in the beginning and 411.5MB in the end (delta: 40.4MB). Peak memory consumption was 40.4MB. Max. memory is 4.2GB.
 * Results from de.uni_freiburg.informatik.ultimate.plugins.generator.traceabstraction:
  - StatisticsResult: ErrorAutomatonStatistics
    NumberErrorTraces: 0, NumberStatementsAllTraces: 0, NumberRelevantStatements: 0, 0.0s ErrorAutomatonConstructionTimeTotal, 0.0s FaulLocalizationTime, NumberStatementsFirstTrace: -1, TraceLengthAvg: 0, 0.0s ErrorAutomatonConstructionTimeAvg, 0.0s ErrorAutomatonDifferenceTimeAvg, 0.0s ErrorAutomatonDifferenceTimeTotal, NumberOfNoEnhancement: 0, NumberOfFiniteEnhancement: 0, NumberOfInfiniteEnhancement: 0
  - CounterExampleResult [Line: 2913]: assertion can be violated
    assertion can be violated
We found a FailurePath: 
[L2907]  CALL  call mainProcedure();
[L2834]        s1_inbox_count := 0;
[L2835]        s1_pkt_external := false;
[L2836]        s2_inbox_count := 0;
[L2837]        s2_pkt_external := false;
[L2838]        h1_inbox_count := 0;
[L2839]        h1_pkt_external := false;
[L2841]        s1_p4b_clone_i2e := false;
[L2842]        s1_p4b_clone_e2e := false;
[L2843]        s1_p4b_clone_i2i := false;
[L2844]        s1_p4b_recirculate := false;
[L2845]        s2_p4b_clone_i2e := false;
[L2846]        s2_p4b_clone_e2e := false;
[L2847]        s2_p4b_clone_i2i := false;
[L2848]        s2_p4b_recirculate := false;
[L2851]        assume (forall i : bv32 :: s1_sequence_reg[i] == 0bv16);
[L2852]        assume s1_sequence_reg[0bv32] == 0bv16;
[L2853]        assume (forall i : bv32 :: s1_value_reg[i] == 0bv128);
[L2854]        assume s1_value_reg[0bv32] == 0bv128;
[L2855]        assume (forall i : bv32 :: s2_sequence_reg[i] == 0bv16);
[L2856]        assume s2_sequence_reg[0bv32] == 0bv16;
[L2857]        assume (forall i : bv32 :: s2_value_reg[i] == 0bv128);
[L2858]        assume s2_value_reg[0bv32] == 0bv128;
[L2860]        s1_sequence_reg__last_index := 0bv32;
[L2861]        s1_sequence_reg__last_value := 0bv16;
[L2862]        s1_sequence_reg__last_old_value := 0bv16;
[L2863]        s1_sequence_reg__wrote_any := false;
[L2864]        s1_sequence_reg__wrote_index0 := false;
[L2865]        s1_sequence_reg__next_write_site := 0;
[L2866]        s1_sequence_reg__last_write_site := 0;
[L2867]        s1_sequence_reg__last0_old_value := 0bv16;
[L2868]        s1_sequence_reg__last0_value := 0bv16;
[L2869]        s1_value_reg__last_index := 0bv32;
[L2870]        s1_value_reg__last_value := 0bv128;
[L2871]        s1_value_reg__last_old_value := 0bv128;
[L2872]        s1_value_reg__wrote_any := false;
[L2873]        s1_value_reg__wrote_index0 := false;
[L2874]        s1_value_reg__next_write_site := 0;
[L2875]        s1_value_reg__last_write_site := 0;
[L2876]        s1_value_reg__last0_old_value := 0bv128;
[L2877]        s1_value_reg__last0_value := 0bv128;
[L2878]        s2_sequence_reg__last_index := 0bv32;
[L2879]        s2_sequence_reg__last_value := 0bv16;
[L2880]        s2_sequence_reg__last_old_value := 0bv16;
[L2881]        s2_sequence_reg__wrote_any := false;
[L2882]        s2_sequence_reg__wrote_index0 := false;
[L2883]        s2_sequence_reg__next_write_site := 0;
[L2884]        s2_sequence_reg__last_write_site := 0;
[L2885]        s2_sequence_reg__last0_old_value := 0bv16;
[L2886]        s2_sequence_reg__last0_value := 0bv16;
[L2887]        s2_value_reg__last_index := 0bv32;
[L2888]        s2_value_reg__last_value := 0bv128;
[L2889]        s2_value_reg__last_old_value := 0bv128;
[L2890]        s2_value_reg__wrote_any := false;
[L2891]        s2_value_reg__wrote_index0 := false;
[L2892]        s2_value_reg__next_write_site := 0;
[L2893]        s2_value_reg__last_write_site := 0;
[L2894]        s2_value_reg__last0_old_value := 0bv128;
[L2895]        s2_value_reg__last0_value := 0bv128;
[L2897]        procurator_step := 0;
[L2898]        procurator_phase := 0;
[L2899]  CALL  call __wraparound_entry_error();
[L2913]        assert false;
         VAL   [h1_inbox_count=0, h1_pkt_external=false, procurator_phase=0, procurator_step=0, s1_inbox_count=0, s1_p4b_clone_e2e=false, s1_p4b_clone_i2e=false, s1_p4b_clone_i2i=false, s1_p4b_recirculate=false, s1_pkt_external=false, s1_sequence_reg__last0_old_value=0bv16, s1_sequence_reg__last0_value=0bv16, s1_sequence_reg__last_index=0bv32, s1_sequence_reg__last_old_value=0bv16, s1_sequence_reg__last_value=0bv16, s1_sequence_reg__last_write_site=0, s1_sequence_reg__next_write_site=0, s1_sequence_reg__wrote_any=false, s1_sequence_reg__wrote_index0=false, s1_value_reg__last0_old_value=0bv128, s1_value_reg__last0_value=0bv128, s1_value_reg__last_index=0bv32, s1_value_reg__last_old_value=0bv128, s1_value_reg__last_value=0bv128, s1_value_reg__last_write_site=0, s1_value_reg__next_write_site=0, s1_value_reg__wrote_any=false, s1_value_reg__wrote_index0=false, s2_inbox_count=0, s2_p4b_clone_e2e=false, s2_p4b_clone_i2e=false, s2_p4b_clone_i2i=false, s2_p4b_recirculate=false, s2_pkt_external=false, s2_sequence_reg__last0_old_value=0bv16, s2_sequence_reg__last0_value=0bv16, s2_sequence_reg__last_index=0bv32, s2_sequence_reg__last_old_value=0bv16, s2_sequence_reg__last_value=0bv16, s2_sequence_reg__last_write_site=0, s2_sequence_reg__next_write_site=0, s2_sequence_reg__wrote_any=false, s2_sequence_reg__wrote_index0=false, s2_value_reg__last0_old_value=0bv128, s2_value_reg__last0_value=0bv128, s2_value_reg__last_index=0bv32, s2_value_reg__last_old_value=0bv128, s2_value_reg__last_value=0bv128, s2_value_reg__last_write_site=0, s2_value_reg__next_write_site=0, s2_value_reg__wrote_any=false, s2_value_reg__wrote_index0=false]

  - StatisticsResult: Ultimate Automizer benchmark data
    CFG has 1 procedures, 7 locations, 6 edges, 1 error locations. Started 1 CEGAR loops. OverallTime: 0.9s, OverallIterations: 1, TraceHistogramMax: 1, PathProgramHistogramMax: 1, EmptinessCheckTime: 0.0s, AutomataDifference: 0.0s, DeadEndRemovalTime: 0.0s, HoareAnnotationTime: 0.0s, InitialAbstractionConstructionTime: 0.0s, HoareTripleCheckerStatistics: , PredicateUnifierStatistics: No data available, 0.0s BasicInterpolantAutomatonTime, BiggestAbstraction: size=7occurred in iteration=0, InterpolantAutomatonStates: 0, traceCheckStatistics: No data available, InterpolantConsolidationStatistics: No data available, PathInvariantsStatistics: No data available, 0/0 InterpolantCoveringCapability, TotalInterpolationStatistics: No data available, 0.0s DumpTime, AutomataMinimizationStatistics: No data available, HoareAnnotationStatistics: No data available, RefinementEngineStatistics: TRACE_CHECK: 0.1s SsaConstructionTime, 0.0s SatisfiabilityAnalysisTime, 0.0s InterpolantComputationTime, 2 NumberOfCodeBlocks, 2 NumberOfCodeBlocksAsserted, 1 NumberOfCheckSat, 0 ConstructedInterpolants, 0 QuantifiedInterpolants, 0 SizeOfPredicates, 0 NumberOfNonLiveVariables, 0 ConjunctsInSsa, 0 ConjunctsInUnsatCore, 0 InterpolantComputations, 0 PerfectInterpolantSequences, 0/0 InterpolantCoveringCapability, INVARIANT_SYNTHESIS: No data available, INTERPOLANT_CONSOLIDATION: No data available, ABSTRACT_INTERPRETATION: No data available, PDR: No data available, ACCELERATED_INTERPOLATION: No data available, SIFA: No data available, ReuseStatistics: No data available, ConComCheckerStatistics: No data available
RESULT: Ultimate proved your program to be incorrect!
[2026-07-04 07:18:22,224 INFO  L546       MonitoredProcess]: [MP /usr/bin/z3 SMTLIB2_COMPLIANT=true -memory:2024 -smt2 -in -t:2000 (1)] Ended with exit code 0
Received shutdown request...
