[RUN] taskset -c 0 nice -n 19 ionice -c 3 timeout 960 /home/smy/p4-verify-camera-ready/.tmp/orphan-worktree-20260703-gemcutter/UGemCutter-linux/Ultimate --launcher.ini /home/smy/p4-verify-camera-ready/.tmp/procurator/verify/fisslock_notification_cnt_wraparound_bug/20260704-083359-8d58/wraparound/target.00.sw_IngressPipe_CounterTable_1_notification_cnt_1/ultimate-home/fisslock_notification_cnt_wraparound_bug.cegis.00/entry/Ultimate.launcher.ini --core.toolchain.timeout.in.seconds=900 -tc /home/smy/p4-verify-camera-ready/src/dslc/toolchain/ultimate/toolchains/ReachSafety.xml -s /home/smy/p4-verify-camera-ready/src/dslc/toolchain/ultimate/settings/gemcutter/base/ReachSafety-32bit-GemCutter-ALL.epf -i /home/smy/p4-verify-camera-ready/.tmp/procurator/verify/fisslock_notification_cnt_wraparound_bug/20260704-083359-8d58/wraparound/target.00.sw_IngressPipe_CounterTable_1_notification_cnt_1/fisslock_notification_cnt_wraparound_bug.cegis.00.entry_check.bpl
Picked up JAVA_TOOL_OPTIONS: -Duser.home=/home/smy/p4-verify-camera-ready/.tmp/procurator/verify/fisslock_notification_cnt_wraparound_bug/20260704-083359-8d58/wraparound/target.00.sw_IngressPipe_CounterTable_1_notification_cnt_1/ultimate-home/fisslock_notification_cnt_wraparound_bug.cegis.00/entry
WARNING: A terminally deprecated method in sun.misc.Unsafe has been called
WARNING: sun.misc.Unsafe::staticFieldOffset has been called by org.eclipse.osgi.internal.url.MultiplexingFactory (file:/home/smy/p4-verify-camera-ready/.tmp/orphan-worktree-20260703-gemcutter/UGemCutter-linux/plugins/org.eclipse.osgi_3.20.0.v20240509-1421.jar)
WARNING: Please consider reporting this to the maintainers of class org.eclipse.osgi.internal.url.MultiplexingFactory
WARNING: sun.misc.Unsafe::staticFieldOffset will be removed in a future release
WARNING: A restricted method in java.lang.Runtime has been called
WARNING: java.lang.Runtime::load has been called by org.eclipse.equinox.launcher.JNIBridge in an unnamed module (file:/home/smy/p4-verify-camera-ready/.tmp/orphan-worktree-20260703-gemcutter/UGemCutter-linux/plugins/org.eclipse.equinox.launcher_1.6.800.v20240513-1750.jar)
WARNING: Use --enable-native-access=ALL-UNNAMED to avoid a warning for callers in this module
WARNING: Restricted methods will be blocked in a future release unless native access is enabled

This is Ultimate 0.3.1-dev-35a8436538
[2026-07-04 08:34:04,384 INFO  L188        SettingsManager]: Resetting all preferences to default values...
[2026-07-04 08:34:04,482 INFO  L114        SettingsManager]: Loading settings from /home/smy/p4-verify-camera-ready/src/dslc/toolchain/ultimate/settings/gemcutter/base/ReachSafety-32bit-GemCutter-ALL.epf
[2026-07-04 08:34:04,487 WARN  L101        SettingsManager]: Preference file contains the following unknown settings:
[2026-07-04 08:34:04,491 WARN  L103        SettingsManager]:   * de.uni_freiburg.informatik.ultimate.core.Log level for class
[2026-07-04 08:34:04,516 INFO  L130        SettingsManager]: Preferences different from defaults after loading the file:
[2026-07-04 08:34:04,516 INFO  L151        SettingsManager]: Preferences of UltimateCore differ from their defaults:
[2026-07-04 08:34:04,516 INFO  L153        SettingsManager]:  * Log level for class=de.uni_freiburg.informatik.ultimate.lib.smtlibutils.quantifier.QuantifierPusher=ERROR;
[2026-07-04 08:34:04,517 INFO  L151        SettingsManager]: Preferences of Boogie Procedure Inliner differ from their defaults:
[2026-07-04 08:34:04,517 INFO  L153        SettingsManager]:  * Ignore calls to procedures called more than once=ONLY_FOR_SEQUENTIAL_PROGRAMS
[2026-07-04 08:34:04,517 INFO  L151        SettingsManager]: Preferences of BlockEncodingV2 differ from their defaults:
[2026-07-04 08:34:04,517 INFO  L153        SettingsManager]:  * Create parallel compositions if possible=false
[2026-07-04 08:34:04,517 INFO  L153        SettingsManager]:  * Use SBE=true
[2026-07-04 08:34:04,517 INFO  L151        SettingsManager]: Preferences of CACSL2BoogieTranslator differ from their defaults:
[2026-07-04 08:34:04,517 INFO  L153        SettingsManager]:  * sizeof long=4
[2026-07-04 08:34:04,517 INFO  L153        SettingsManager]:  * Overapproximate operations on floating types=true
[2026-07-04 08:34:04,517 INFO  L153        SettingsManager]:  * sizeof POINTER=4
[2026-07-04 08:34:04,517 INFO  L153        SettingsManager]:  * Check division by zero=IGNORE
[2026-07-04 08:34:04,517 INFO  L153        SettingsManager]:  * If two pointers are subtracted or compared they have the same base address=IGNORE
[2026-07-04 08:34:04,517 INFO  L153        SettingsManager]:  * Pointer dereference validity=IGNORE
[2026-07-04 08:34:04,517 INFO  L153        SettingsManager]:  * sizeof long double=12
[2026-07-04 08:34:04,517 INFO  L153        SettingsManager]:  * Check if freed pointer was valid=false
[2026-07-04 08:34:04,517 INFO  L153        SettingsManager]:  * Use constant arrays=true
[2026-07-04 08:34:04,524 INFO  L151        SettingsManager]: Preferences of RCFGBuilder differ from their defaults:
[2026-07-04 08:34:04,524 INFO  L153        SettingsManager]:  * Size of a code block=SequenceOfStatements
[2026-07-04 08:34:04,524 INFO  L153        SettingsManager]:  * SMT solver=External_DefaultMode
[2026-07-04 08:34:04,524 INFO  L153        SettingsManager]:  * Command for external solver=z3 SMTLIB2_COMPLIANT=true -memory:2024 -smt2 -in -t:2000
[2026-07-04 08:34:04,525 INFO  L151        SettingsManager]: Preferences of TraceAbstraction differ from their defaults:
[2026-07-04 08:34:04,528 INFO  L153        SettingsManager]:  * Compute Interpolants along a Counterexample=FPandBP
[2026-07-04 08:34:04,528 INFO  L153        SettingsManager]:  * Positions where we compute the Hoare Annotation=LoopHeads
[2026-07-04 08:34:04,529 INFO  L153        SettingsManager]:  * DFS Order used in POR=LOOP_LOCKSTEP
[2026-07-04 08:34:04,529 INFO  L153        SettingsManager]:  * Command for external solver=z3 SMTLIB2_COMPLIANT=true -memory:2024 -smt2 -in
[2026-07-04 08:34:04,529 INFO  L153        SettingsManager]:  * Automaton type used in concurrency analysis=PARTIAL_ORDER_FA
[2026-07-04 08:34:04,529 INFO  L153        SettingsManager]:  * CEGAR restart behaviour=ONE_CEGAR_PER_THREAD_INSTANCE
[2026-07-04 08:34:04,529 INFO  L153        SettingsManager]:  * Partial Order Reduction in concurrent analysis=PERSISTENT_SLEEP_NEW_STATES_FIXEDORDER
[2026-07-04 08:34:04,529 INFO  L153        SettingsManager]:  * SMT solver=External_ModelsAndUnsatCoreMode
Applying setting for plugin de.uni_freiburg.informatik.ultimate.core: Toolchain timeout in seconds -> 900
[2026-07-04 08:34:04,924 INFO  L75    nceAwareModelManager]: Repository-Root is: /tmp
[2026-07-04 08:34:04,932 INFO  L261   ainManager$Toolchain]: [Toolchain 1]: Applicable parser(s) successfully (re)initialized
[2026-07-04 08:34:04,939 INFO  L217   ainManager$Toolchain]: [Toolchain 1]: Toolchain selected.
[2026-07-04 08:34:04,940 INFO  L270        PluginConnector]: Initializing Boogie PL CUP Parser...
[2026-07-04 08:34:04,940 INFO  L274        PluginConnector]: Boogie PL CUP Parser initialized
[2026-07-04 08:34:04,941 INFO  L431   ainManager$Toolchain]: [Toolchain 1]: Parsing single file: /home/smy/p4-verify-camera-ready/.tmp/procurator/verify/fisslock_notification_cnt_wraparound_bug/20260704-083359-8d58/wraparound/target.00.sw_IngressPipe_CounterTable_1_notification_cnt_1/fisslock_notification_cnt_wraparound_bug.cegis.00.entry_check.bpl
[2026-07-04 08:34:04,941 INFO  L110           BoogieParser]: Parsing: '/home/smy/p4-verify-camera-ready/.tmp/procurator/verify/fisslock_notification_cnt_wraparound_bug/20260704-083359-8d58/wraparound/target.00.sw_IngressPipe_CounterTable_1_notification_cnt_1/fisslock_notification_cnt_wraparound_bug.cegis.00.entry_check.bpl'
[2026-07-04 08:34:05,046 INFO  L299   ainManager$Toolchain]: ####################### [Toolchain 1] #######################
[2026-07-04 08:34:05,047 INFO  L133        ToolchainWalker]: Walking toolchain with 4 elements.
[2026-07-04 08:34:05,048 INFO  L112        PluginConnector]: ------------------------Boogie Procedure Inliner----------------------------
[2026-07-04 08:34:05,048 INFO  L270        PluginConnector]: Initializing Boogie Procedure Inliner...
[2026-07-04 08:34:05,048 INFO  L274        PluginConnector]: Boogie Procedure Inliner initialized
[2026-07-04 08:34:05,062 INFO  L184        PluginConnector]: Executing the observer TypeChecker from plugin Boogie Procedure Inliner for "fisslock_notification_cnt_wraparound_bug.cegis.00.entry_check.bpl de.uni_freiburg.informatik.ultimate.boogie.parser AST 04.07 08:34:05" (1/1) ...
[2026-07-04 08:34:05,106 INFO  L184        PluginConnector]: Executing the observer Inliner from plugin Boogie Procedure Inliner for "fisslock_notification_cnt_wraparound_bug.cegis.00.entry_check.bpl de.uni_freiburg.informatik.ultimate.boogie.parser AST 04.07 08:34:05" (1/1) ...
[2026-07-04 08:34:05,145 INFO  L138                Inliner]: procedures = 98, calls = 210, calls flagged for inlining = 50, calls inlined = 2, statements flattened = 103
[2026-07-04 08:34:05,154 INFO  L131        PluginConnector]: ------------------------ END Boogie Procedure Inliner----------------------------
[2026-07-04 08:34:05,155 INFO  L112        PluginConnector]: ------------------------Boogie Preprocessor----------------------------
[2026-07-04 08:34:05,155 INFO  L270        PluginConnector]: Initializing Boogie Preprocessor...
[2026-07-04 08:34:05,155 INFO  L274        PluginConnector]: Boogie Preprocessor initialized
[2026-07-04 08:34:05,159 INFO  L184        PluginConnector]: Executing the observer EnsureBoogieModelObserver from plugin Boogie Preprocessor for "fisslock_notification_cnt_wraparound_bug.cegis.00.entry_check.bpl de.uni_freiburg.informatik.ultimate.boogie.parser AST 04.07 08:34:05" (1/1) ...
[2026-07-04 08:34:05,159 INFO  L184        PluginConnector]: Executing the observer TypeChecker from plugin Boogie Preprocessor for "fisslock_notification_cnt_wraparound_bug.cegis.00.entry_check.bpl de.uni_freiburg.informatik.ultimate.boogie.parser AST 04.07 08:34:05" (1/1) ...
[2026-07-04 08:34:05,168 INFO  L184        PluginConnector]: Executing the observer ConstExpander from plugin Boogie Preprocessor for "fisslock_notification_cnt_wraparound_bug.cegis.00.entry_check.bpl de.uni_freiburg.informatik.ultimate.boogie.parser AST 04.07 08:34:05" (1/1) ...
[2026-07-04 08:34:05,168 INFO  L184        PluginConnector]: Executing the observer StructExpander from plugin Boogie Preprocessor for "fisslock_notification_cnt_wraparound_bug.cegis.00.entry_check.bpl de.uni_freiburg.informatik.ultimate.boogie.parser AST 04.07 08:34:05" (1/1) ...
[2026-07-04 08:34:05,187 INFO  L184        PluginConnector]: Executing the observer ReplaceArrayAssignments from plugin Boogie Preprocessor for "fisslock_notification_cnt_wraparound_bug.cegis.00.entry_check.bpl de.uni_freiburg.informatik.ultimate.boogie.parser AST 04.07 08:34:05" (1/1) ...
[2026-07-04 08:34:05,189 INFO  L184        PluginConnector]: Executing the observer UnstructureCode from plugin Boogie Preprocessor for "fisslock_notification_cnt_wraparound_bug.cegis.00.entry_check.bpl de.uni_freiburg.informatik.ultimate.boogie.parser AST 04.07 08:34:05" (1/1) ...
[2026-07-04 08:34:05,194 INFO  L184        PluginConnector]: Executing the observer FunctionInliner from plugin Boogie Preprocessor for "fisslock_notification_cnt_wraparound_bug.cegis.00.entry_check.bpl de.uni_freiburg.informatik.ultimate.boogie.parser AST 04.07 08:34:05" (1/1) ...
[2026-07-04 08:34:05,196 INFO  L184        PluginConnector]: Executing the observer LTLStepAnnotator from plugin Boogie Preprocessor for "fisslock_notification_cnt_wraparound_bug.cegis.00.entry_check.bpl de.uni_freiburg.informatik.ultimate.boogie.parser AST 04.07 08:34:05" (1/1) ...
[2026-07-04 08:34:05,197 INFO  L184        PluginConnector]: Executing the observer BoogieSymbolTableConstructor from plugin Boogie Preprocessor for "fisslock_notification_cnt_wraparound_bug.cegis.00.entry_check.bpl de.uni_freiburg.informatik.ultimate.boogie.parser AST 04.07 08:34:05" (1/1) ...
[2026-07-04 08:34:05,209 INFO  L131        PluginConnector]: ------------------------ END Boogie Preprocessor----------------------------
[2026-07-04 08:34:05,209 INFO  L112        PluginConnector]: ------------------------RCFGBuilder----------------------------
[2026-07-04 08:34:05,209 INFO  L270        PluginConnector]: Initializing RCFGBuilder...
[2026-07-04 08:34:05,209 INFO  L274        PluginConnector]: RCFGBuilder initialized
[2026-07-04 08:34:05,212 INFO  L184        PluginConnector]: Executing the observer RCFGBuilderObserver from plugin RCFGBuilder for "fisslock_notification_cnt_wraparound_bug.cegis.00.entry_check.bpl de.uni_freiburg.informatik.ultimate.boogie.parser AST 04.07 08:34:05" (1/1) ...
[2026-07-04 08:34:05,217 INFO  L173          SolverBuilder]: Constructing external solver with command: z3 SMTLIB2_COMPLIANT=true -memory:2024 -smt2 -in -t:2000
[2026-07-04 08:34:05,236 INFO  L189       MonitoredProcess]: No working directory specified, using /usr/bin/z3
[2026-07-04 08:34:05,264 INFO  L229       MonitoredProcess]: Starting monitored process 1 with /usr/bin/z3 SMTLIB2_COMPLIANT=true -memory:2024 -smt2 -in -t:2000 (exit command is (exit), workingDir is null)
[2026-07-04 08:34:05,273 INFO  L327       MonitoredProcess]: [MP /usr/bin/z3 SMTLIB2_COMPLIANT=true -memory:2024 -smt2 -in -t:2000 (1)] Waiting until timeout for monitored process
[2026-07-04 08:34:05,327 INFO  L124     BoogieDeclarations]: Specification and implementation of procedure ULTIMATE.start given in one single declaration
[2026-07-04 08:34:05,327 INFO  L130     BoogieDeclarations]: Found specification of procedure ULTIMATE.start
[2026-07-04 08:34:05,327 INFO  L138     BoogieDeclarations]: Found implementation of procedure ULTIMATE.start
[2026-07-04 08:34:05,735 INFO  L234             CfgBuilder]: Building ICFG
[2026-07-04 08:34:05,737 INFO  L260             CfgBuilder]: Building CFG for each procedure with an implementation
[2026-07-04 08:34:07,913 INFO  L?                        ?]: Removed 0 outVars from TransFormulas that were not future-live.
[2026-07-04 08:34:07,914 INFO  L283             CfgBuilder]: Performing block encoding
[2026-07-04 08:34:07,921 INFO  L89      LargeBlockEncoding]: Applying CFG Large Block Encoding to ICFG that has 1 procedures, 7 locations, 6 edges, 0 initial locations, 0 loop locations, and 1 error locations.
[2026-07-04 08:34:07,927 INFO  L139     LargeBlockEncoding]: LargeBlockEncoding completed in 12 ms, with 0 straightline sequential compositions, 0 parallel compositions, 0 1:n/n:1 sequential compositions and 0 complex sequential compositions.
[2026-07-04 08:34:07,927 INFO  L307             CfgBuilder]: Using the 1 location(s) as analysis (start of procedure ULTIMATE.start)
[2026-07-04 08:34:07,927 INFO  L312             CfgBuilder]: Removed 0 assume(true) statements.
[2026-07-04 08:34:07,928 INFO  L314             CfgBuilder]: Constructed ICFG has 1 procedures, 7 locations, 6 edges, 1 initial locations, 0 loop locations, and 1 error locations.
[2026-07-04 08:34:07,928 INFO  L201        PluginConnector]: Adding new model fisslock_notification_cnt_wraparound_bug.cegis.00.entry_check.bpl de.uni_freiburg.informatik.ultimate.plugins.generator.rcfgbuilder CFG 04.07 08:34:07 BoogieIcfgContainer
[2026-07-04 08:34:07,928 INFO  L131        PluginConnector]: ------------------------ END RCFGBuilder----------------------------
[2026-07-04 08:34:07,929 INFO  L112        PluginConnector]: ------------------------TraceAbstraction----------------------------
[2026-07-04 08:34:07,929 INFO  L270        PluginConnector]: Initializing TraceAbstraction...
[2026-07-04 08:34:07,939 INFO  L274        PluginConnector]: TraceAbstraction initialized
[2026-07-04 08:34:07,939 INFO  L184        PluginConnector]: Executing the observer TraceAbstractionObserver from plugin TraceAbstraction for "fisslock_notification_cnt_wraparound_bug.cegis.00.entry_check.bpl de.uni_freiburg.informatik.ultimate.boogie.parser AST 04.07 08:34:05" (1/2) ...
[2026-07-04 08:34:07,940 INFO  L204        PluginConnector]: Invalid model from TraceAbstraction for observer de.uni_freiburg.informatik.ultimate.plugins.generator.traceabstraction.TraceAbstractionObserver@c80e25c and model type fisslock_notification_cnt_wraparound_bug.cegis.00.entry_check.bpl de.uni_freiburg.informatik.ultimate.plugins.generator.traceabstraction AST 04.07 08:34:07, skipping insertion in model container
[2026-07-04 08:34:07,940 INFO  L184        PluginConnector]: Executing the observer TraceAbstractionObserver from plugin TraceAbstraction for "fisslock_notification_cnt_wraparound_bug.cegis.00.entry_check.bpl de.uni_freiburg.informatik.ultimate.plugins.generator.rcfgbuilder CFG 04.07 08:34:07" (2/2) ...
[2026-07-04 08:34:07,942 INFO  L128   eAbstractionObserver]: Analyzing ICFG fisslock_notification_cnt_wraparound_bug.cegis.00.entry_check.bpl
[2026-07-04 08:34:07,954 INFO  L217   ceAbstractionStarter]: Automizer settings: Hoare:LoopHeads NWA Interpolation:FPandBP Determinization: PREDICATE_ABSTRACTION
[2026-07-04 08:34:07,955 INFO  L151   ceAbstractionStarter]: Applying trace abstraction to ICFG fisslock_notification_cnt_wraparound_bug.cegis.00.entry_check.bpl that has 1 procedures, 7 locations, 6 edges, 1 initial locations, 0 loop locations, and 1 error locations.
[2026-07-04 08:34:07,955 WARN  L366   ceAbstractionStarter]: Program is not concurrent. Changing CEGAR restart behaviour to ONLY_ONE_CEGAR
[2026-07-04 08:34:08,105 INFO  L344      AbstractCegarLoop]: ======== Iteration 0 == of CEGAR loop == AllErrorsAtOnce ========
[2026-07-04 08:34:08,119 INFO  L345      AbstractCegarLoop]: Settings: SEPARATE_VIOLATION_CHECK=true, mInterprocedural=true, mMaxIterations=1000000, mWatchIteration=1000000, mArtifact=RCFG, mInterpolation=FPandBP, mInterpolantAutomaton=STRAIGHT_LINE, mDumpAutomata=false, mAutomataFormat=ATS_NUMERATE, mDumpPath=., mDeterminiation=PREDICATE_ABSTRACTION, mMinimize=MINIMIZE_SEVPA, mAutomataTypeConcurrency=PARTIAL_ORDER_FA, mHoareTripleChecks=INCREMENTAL, mHoareAnnotationPositions=LoopHeads, mDumpOnlyReuseAutomata=false, mLimitTraceHistogram=0, mErrorLocTimeLimit=0, mLimitPathProgramCount=0, mCollectInterpolantStatistics=true, mHeuristicEmptinessCheck=false, mHeuristicEmptinessCheckAStarHeuristic=ZERO, mHeuristicEmptinessCheckAStarHeuristicRandomSeed=1337, mHeuristicEmptinessCheckSmtFeatureScoringMethod=DAGSIZE, mSMTFeatureExtraction=false, mSMTFeatureExtractionDumpPath=., mOverrideInterpolantAutomaton=false, mMcrInterpolantMethod=WP, mPorIndependenceSettings=[Lde.uni_freiburg.informatik.ultimate.lib.tracecheckerutils.partialorder.independence.IndependenceSettings;@20d5d73b, mLbeIndependenceSettings=[IndependenceType=SEMANTIC, AbstractionType=NONE, UseConditional=false, UseSemiCommutativity=true, Solver=Z3, SolverTimeout=1000ms]
[2026-07-04 08:34:08,119 INFO  L346      AbstractCegarLoop]: Starting to check reachability of 1 error locations.
[2026-07-04 08:34:08,126 INFO  L278                IsEmpty]: Start isEmpty. Operand  has 7 states, 5 states have (on average 1.2) internal successors, (6), 6 states have internal predecessors, (6), 0 states have call successors, (0), 0 states have call predecessors, (0), 0 states have return successors, (0), 0 states have call predecessors, (0), 0 states have call successors, (0)
[2026-07-04 08:34:08,128 INFO  L284                IsEmpty]: Finished isEmpty. Found accepting run of length 3
[2026-07-04 08:34:08,128 INFO  L199           NwaCegarLoop]: Found error trace
[2026-07-04 08:34:08,128 INFO  L207           NwaCegarLoop]: trace histogram [1, 1]
[2026-07-04 08:34:08,129 INFO  L408      AbstractCegarLoop]: === Iteration 1 === Targeting ULTIMATE.startErr0ASSERT_VIOLATIONASSERT === [ULTIMATE.startErr0ASSERT_VIOLATIONASSERT] ===
[2026-07-04 08:34:08,136 INFO  L156       PredicateUnifier]: Initialized classic predicate unifier
[2026-07-04 08:34:08,136 INFO  L85        PathProgramCache]: Analyzing trace with hash 962, now seen corresponding path program 1 times
[2026-07-04 08:34:08,145 INFO  L118   FreeRefinementEngine]: Executing refinement strategy FIXED_PREFERENCES
[2026-07-04 08:34:08,149 INFO  L324   FreeRefinementEngine]: Using trace check IpTcStrategyModulePreferences [172862955]
[2026-07-04 08:34:08,150 INFO  L97    rtionOrderModulation]: Keeping assertion order NOT_INCREMENTALLY
[2026-07-04 08:34:08,150 INFO  L173          SolverBuilder]: Constructing external solver with command: z3 SMTLIB2_COMPLIANT=true -memory:2024 -smt2 -in
[2026-07-04 08:34:08,151 INFO  L189       MonitoredProcess]: No working directory specified, using /usr/bin/z3
[2026-07-04 08:34:08,164 INFO  L229       MonitoredProcess]: Starting monitored process 2 with /usr/bin/z3 SMTLIB2_COMPLIANT=true -memory:2024 -smt2 -in (exit command is (exit), workingDir is null)
[2026-07-04 08:34:08,166 INFO  L327       MonitoredProcess]: [MP /usr/bin/z3 SMTLIB2_COMPLIANT=true -memory:2024 -smt2 -in (2)] Waiting until timeout for monitored process
[2026-07-04 08:34:08,474 INFO  L108    AnnotateAndAsserter]: Assert order NOT_INCREMENTALLY partitioned 2 statements into 1 equivalence classes.
[2026-07-04 08:34:10,184 INFO  L111    AnnotateAndAsserter]: Assert order NOT_INCREMENTALLY issued 1 check-sat command(s) and asserted 2 of 2 statements.
[2026-07-04 08:34:10,185 INFO  L114    AnnotateAndAsserter]: Assert order NOT_INCREMENTALLY issued 1 check-sat command(s)
[2026-07-04 08:34:10,185 INFO  L115    AnnotateAndAsserter]: Conjunction of SSA is sat
[2026-07-04 08:34:10,185 INFO  L348             TraceCheck]: Trace is feasible, we will do another trace check, this time with branch encoders.
[2026-07-04 08:34:10,308 INFO  L108    AnnotateAndAsserter]: Assert order NOT_INCREMENTALLY partitioned 2 statements into 1 equivalence classes.
[2026-07-04 08:34:11,319 INFO  L111    AnnotateAndAsserter]: Assert order NOT_INCREMENTALLY issued 1 check-sat command(s) and asserted 2 of 2 statements.
[2026-07-04 08:34:11,319 INFO  L114    AnnotateAndAsserter]: Assert order NOT_INCREMENTALLY issued 1 check-sat command(s)
[2026-07-04 08:34:11,319 INFO  L115    AnnotateAndAsserter]: Conjunction of SSA is sat
[2026-07-04 08:34:11,575 INFO  L130   FreeRefinementEngine]: Strategy FIXED_PREFERENCES found a feasible trace
[2026-07-04 08:34:11,576 INFO  L342         BasicCegarLoop]: Counterexample is feasible
[2026-07-04 08:34:11,583 INFO  L795   garLoopResultBuilder]: Registering result UNSAFE for location ULTIMATE.startErr0ASSERT_VIOLATIONASSERT (0 of 1 remaining)
[2026-07-04 08:34:11,681 INFO  L534       MonitoredProcess]: [MP /usr/bin/z3 SMTLIB2_COMPLIANT=true -memory:2024 -smt2 -in (2)] Forceful destruction successful, exit code 0
Received shutdown request...
[2026-07-04 08:34:11,789 INFO  L534       MonitoredProcess]: [MP /usr/bin/z3 SMTLIB2_COMPLIANT=true -memory:2024 -smt2 -in -t:2000 (1)] Forceful destruction successful, exit code 143
[2026-07-04 08:34:11,790 WARN  L471      AbstractCegarLoop]: Destroyed unattended storables created during the last iteration: 2 /usr/bin/z3 SMTLIB2_COMPLIANT=true -memory:2024 -smt2 -in
[2026-07-04 08:34:11,795 INFO  L424         BasicCegarLoop]: Path program histogram: [1]
[2026-07-04 08:34:11,812 INFO  L171   ceAbstractionStarter]: Computing trace abstraction results
[2026-07-04 08:34:11,815 INFO  L201        PluginConnector]: Adding new model fisslock_notification_cnt_wraparound_bug.cegis.00.entry_check.bpl de.uni_freiburg.informatik.ultimate.plugins.generator.traceabstraction CFG 04.07 08:34:11 BoogieIcfgContainer
[2026-07-04 08:34:11,815 INFO  L131        PluginConnector]: ------------------------ END TraceAbstraction----------------------------
[2026-07-04 08:34:11,816 INFO  L158              Benchmark]: Toolchain (without parser) took 6768.30ms. Allocated memory is still 519.1MB. Free memory was 480.2MB in the beginning and 392.7MB in the end (delta: 87.6MB). Peak memory consumption was 87.6MB. Max. memory is 4.2GB.
[2026-07-04 08:34:11,816 INFO  L158              Benchmark]: Boogie PL CUP Parser took 0.11ms. Allocated memory is still 519.1MB. Free memory is still 487.4MB. There was no memory consumed. Max. memory is 4.2GB.
[2026-07-04 08:34:11,818 INFO  L158              Benchmark]: Boogie Procedure Inliner took 106.94ms. Allocated memory is still 519.1MB. Free memory was 480.2MB in the beginning and 475.9MB in the end (delta: 4.3MB). Peak memory consumption was 4.3MB. Max. memory is 4.2GB.
[2026-07-04 08:34:11,819 INFO  L158              Benchmark]: Boogie Preprocessor took 53.76ms. Allocated memory is still 519.1MB. Free memory was 475.9MB in the beginning and 474.5MB in the end (delta: 1.4MB). Peak memory consumption was 1.4MB. Max. memory is 4.2GB.
[2026-07-04 08:34:11,819 INFO  L158              Benchmark]: RCFGBuilder took 2718.77ms. Allocated memory is still 519.1MB. Free memory was 474.5MB in the beginning and 450.2MB in the end (delta: 24.3MB). Peak memory consumption was 24.3MB. Max. memory is 4.2GB.
[2026-07-04 08:34:11,819 INFO  L158              Benchmark]: TraceAbstraction took 3885.98ms. Allocated memory is still 519.1MB. Free memory was 450.2MB in the beginning and 392.7MB in the end (delta: 57.5MB). Peak memory consumption was 57.5MB. Max. memory is 4.2GB.
[2026-07-04 08:34:11,820 INFO  L338   ainManager$Toolchain]: #######################  End [Toolchain 1] #######################
 --- Results ---
 * Results from de.uni_freiburg.informatik.ultimate.core:
  - StatisticsResult: Toolchain Benchmarks
    Benchmark results are:
 * Boogie PL CUP Parser took 0.11ms. Allocated memory is still 519.1MB. Free memory is still 487.4MB. There was no memory consumed. Max. memory is 4.2GB.
 * Boogie Procedure Inliner took 106.94ms. Allocated memory is still 519.1MB. Free memory was 480.2MB in the beginning and 475.9MB in the end (delta: 4.3MB). Peak memory consumption was 4.3MB. Max. memory is 4.2GB.
 * Boogie Preprocessor took 53.76ms. Allocated memory is still 519.1MB. Free memory was 475.9MB in the beginning and 474.5MB in the end (delta: 1.4MB). Peak memory consumption was 1.4MB. Max. memory is 4.2GB.
 * RCFGBuilder took 2718.77ms. Allocated memory is still 519.1MB. Free memory was 474.5MB in the beginning and 450.2MB in the end (delta: 24.3MB). Peak memory consumption was 24.3MB. Max. memory is 4.2GB.
 * TraceAbstraction took 3885.98ms. Allocated memory is still 519.1MB. Free memory was 450.2MB in the beginning and 392.7MB in the end (delta: 57.5MB). Peak memory consumption was 57.5MB. Max. memory is 4.2GB.
 * Results from de.uni_freiburg.informatik.ultimate.plugins.generator.traceabstraction:
  - StatisticsResult: ErrorAutomatonStatistics
    NumberErrorTraces: 0, NumberStatementsAllTraces: 0, NumberRelevantStatements: 0, 0.0s ErrorAutomatonConstructionTimeTotal, 0.0s FaulLocalizationTime, NumberStatementsFirstTrace: -1, TraceLengthAvg: 0, 0.0s ErrorAutomatonConstructionTimeAvg, 0.0s ErrorAutomatonDifferenceTimeAvg, 0.0s ErrorAutomatonDifferenceTimeTotal, NumberOfNoEnhancement: 0, NumberOfFiniteEnhancement: 0, NumberOfInfiniteEnhancement: 0
  - CounterExampleResult [Line: 3185]: assertion can be violated
    assertion can be violated
We found a FailurePath: 
[L3179]  CALL  call mainProcedure();
[L3066]        sw_inbox_count := 0;
[L3067]        sw_pkt_external := false;
[L3068]        client_inbox_count := 0;
[L3069]        client_pkt_external := false;
[L3071]        sw_p4b_clone_i2e := false;
[L3072]        sw_p4b_clone_e2e := false;
[L3073]        sw_p4b_clone_i2i := false;
[L3074]        sw_p4b_recirculate := false;
[L3077]        dsl_pump_mode := true;
[L3079]        assume (forall i : sw_lid_t :: sw_IngressPipe_CounterTable_1_notification_cnt_1[i] == 0bv8);
[L3080]        assume sw_IngressPipe_CounterTable_1_notification_cnt_1[0bv32] == 0bv8;
[L3081]        assume (forall i : sw_lid_t :: sw_IngressPipe_CounterTable_2_notification_cnt_2[i] == 0bv8);
[L3082]        assume sw_IngressPipe_CounterTable_2_notification_cnt_2[0bv32] == 0bv8;
[L3083]        assume (forall i : sw_lid_t :: sw_IngressPipe_CounterTable_3_notification_cnt_3[i] == 0bv8);
[L3084]        assume sw_IngressPipe_CounterTable_3_notification_cnt_3[0bv32] == 0bv8;
[L3085]        assume (forall i : sw_lid_t :: sw_IngressPipe_LockOperation_1_lock_agent_array_1[i] == 0bv8);
[L3086]        assume sw_IngressPipe_LockOperation_1_lock_agent_array_1[0bv32] == 0bv8;
[L3087]        assume (forall i : sw_lid_t :: sw_IngressPipe_LockOperation_2_lock_agent_array_2[i] == 0bv8);
[L3088]        assume sw_IngressPipe_LockOperation_2_lock_agent_array_2[0bv32] == 0bv8;
[L3089]        assume (forall i : sw_lid_t :: sw_IngressPipe_LockOperation_3_lock_agent_array_3[i] == 0bv8);
[L3090]        assume sw_IngressPipe_LockOperation_3_lock_agent_array_3[0bv32] == 0bv8;
[L3091]        assume (forall i : sw_lid_t :: sw_IngressPipe_lock_free_mode_array[i] == 0bv1);
[L3092]        assume sw_IngressPipe_lock_free_mode_array[0bv32] == 0bv1;
[L3093]        assume (forall i : sw_lid_t :: sw_IngressPipe_lock_rw_mode_array[i] == 0bv1);
[L3094]        assume sw_IngressPipe_lock_rw_mode_array[0bv32] == 0bv1;
[L3096]        sw_IngressPipe_CounterTable_1_notification_cnt_1__last_index := 0bv32;
[L3097]        sw_IngressPipe_CounterTable_1_notification_cnt_1__last_value := 0bv8;
[L3098]        sw_IngressPipe_CounterTable_1_notification_cnt_1__last_old_value := 0bv8;
[L3099]        sw_IngressPipe_CounterTable_1_notification_cnt_1__wrote_any := false;
[L3100]        sw_IngressPipe_CounterTable_1_notification_cnt_1__wrote_index0 := false;
[L3101]        sw_IngressPipe_CounterTable_1_notification_cnt_1__next_write_site := 0;
[L3102]        sw_IngressPipe_CounterTable_1_notification_cnt_1__last_write_site := 0;
[L3103]        sw_IngressPipe_CounterTable_1_notification_cnt_1__last0_old_value := 0bv8;
[L3104]        sw_IngressPipe_CounterTable_1_notification_cnt_1__last0_value := 0bv8;
[L3105]        sw_IngressPipe_CounterTable_2_notification_cnt_2__last_index := 0bv32;
[L3106]        sw_IngressPipe_CounterTable_2_notification_cnt_2__last_value := 0bv8;
[L3107]        sw_IngressPipe_CounterTable_2_notification_cnt_2__last_old_value := 0bv8;
[L3108]        sw_IngressPipe_CounterTable_2_notification_cnt_2__wrote_any := false;
[L3109]        sw_IngressPipe_CounterTable_2_notification_cnt_2__wrote_index0 := false;
[L3110]        sw_IngressPipe_CounterTable_2_notification_cnt_2__next_write_site := 0;
[L3111]        sw_IngressPipe_CounterTable_2_notification_cnt_2__last_write_site := 0;
[L3112]        sw_IngressPipe_CounterTable_2_notification_cnt_2__last0_old_value := 0bv8;
[L3113]        sw_IngressPipe_CounterTable_2_notification_cnt_2__last0_value := 0bv8;
[L3114]        sw_IngressPipe_CounterTable_3_notification_cnt_3__last_index := 0bv32;
[L3115]        sw_IngressPipe_CounterTable_3_notification_cnt_3__last_value := 0bv8;
[L3116]        sw_IngressPipe_CounterTable_3_notification_cnt_3__last_old_value := 0bv8;
[L3117]        sw_IngressPipe_CounterTable_3_notification_cnt_3__wrote_any := false;
[L3118]        sw_IngressPipe_CounterTable_3_notification_cnt_3__wrote_index0 := false;
[L3119]        sw_IngressPipe_CounterTable_3_notification_cnt_3__next_write_site := 0;
[L3120]        sw_IngressPipe_CounterTable_3_notification_cnt_3__last_write_site := 0;
[L3121]        sw_IngressPipe_CounterTable_3_notification_cnt_3__last0_old_value := 0bv8;
[L3122]        sw_IngressPipe_CounterTable_3_notification_cnt_3__last0_value := 0bv8;
[L3123]        sw_IngressPipe_LockOperation_1_lock_agent_array_1__last_index := 0bv32;
[L3124]        sw_IngressPipe_LockOperation_1_lock_agent_array_1__last_value := 0bv8;
[L3125]        sw_IngressPipe_LockOperation_1_lock_agent_array_1__last_old_value := 0bv8;
[L3126]        sw_IngressPipe_LockOperation_1_lock_agent_array_1__wrote_any := false;
[L3127]        sw_IngressPipe_LockOperation_1_lock_agent_array_1__wrote_index0 := false;
[L3128]        sw_IngressPipe_LockOperation_1_lock_agent_array_1__next_write_site := 0;
[L3129]        sw_IngressPipe_LockOperation_1_lock_agent_array_1__last_write_site := 0;
[L3130]        sw_IngressPipe_LockOperation_1_lock_agent_array_1__last0_old_value := 0bv8;
[L3131]        sw_IngressPipe_LockOperation_1_lock_agent_array_1__last0_value := 0bv8;
[L3132]        sw_IngressPipe_LockOperation_2_lock_agent_array_2__last_index := 0bv32;
[L3133]        sw_IngressPipe_LockOperation_2_lock_agent_array_2__last_value := 0bv8;
[L3134]        sw_IngressPipe_LockOperation_2_lock_agent_array_2__last_old_value := 0bv8;
[L3135]        sw_IngressPipe_LockOperation_2_lock_agent_array_2__wrote_any := false;
[L3136]        sw_IngressPipe_LockOperation_2_lock_agent_array_2__wrote_index0 := false;
[L3137]        sw_IngressPipe_LockOperation_2_lock_agent_array_2__next_write_site := 0;
[L3138]        sw_IngressPipe_LockOperation_2_lock_agent_array_2__last_write_site := 0;
[L3139]        sw_IngressPipe_LockOperation_2_lock_agent_array_2__last0_old_value := 0bv8;
[L3140]        sw_IngressPipe_LockOperation_2_lock_agent_array_2__last0_value := 0bv8;
[L3141]        sw_IngressPipe_LockOperation_3_lock_agent_array_3__last_index := 0bv32;
[L3142]        sw_IngressPipe_LockOperation_3_lock_agent_array_3__last_value := 0bv8;
[L3143]        sw_IngressPipe_LockOperation_3_lock_agent_array_3__last_old_value := 0bv8;
[L3144]        sw_IngressPipe_LockOperation_3_lock_agent_array_3__wrote_any := false;
[L3145]        sw_IngressPipe_LockOperation_3_lock_agent_array_3__wrote_index0 := false;
[L3146]        sw_IngressPipe_LockOperation_3_lock_agent_array_3__next_write_site := 0;
[L3147]        sw_IngressPipe_LockOperation_3_lock_agent_array_3__last_write_site := 0;
[L3148]        sw_IngressPipe_LockOperation_3_lock_agent_array_3__last0_old_value := 0bv8;
[L3149]        sw_IngressPipe_LockOperation_3_lock_agent_array_3__last0_value := 0bv8;
[L3150]        sw_IngressPipe_lock_free_mode_array__last_index := 0bv32;
[L3151]        sw_IngressPipe_lock_free_mode_array__last_value := 0bv1;
[L3152]        sw_IngressPipe_lock_free_mode_array__last_old_value := 0bv1;
[L3153]        sw_IngressPipe_lock_free_mode_array__wrote_any := false;
[L3154]        sw_IngressPipe_lock_free_mode_array__wrote_index0 := false;
[L3155]        sw_IngressPipe_lock_free_mode_array__next_write_site := 0;
[L3156]        sw_IngressPipe_lock_free_mode_array__last_write_site := 0;
[L3157]        sw_IngressPipe_lock_free_mode_array__last0_old_value := 0bv1;
[L3158]        sw_IngressPipe_lock_free_mode_array__last0_value := 0bv1;
[L3159]        sw_IngressPipe_lock_rw_mode_array__last_index := 0bv32;
[L3160]        sw_IngressPipe_lock_rw_mode_array__last_value := 0bv1;
[L3161]        sw_IngressPipe_lock_rw_mode_array__last_old_value := 0bv1;
[L3162]        sw_IngressPipe_lock_rw_mode_array__wrote_any := false;
[L3163]        sw_IngressPipe_lock_rw_mode_array__wrote_index0 := false;
[L3164]        sw_IngressPipe_lock_rw_mode_array__next_write_site := 0;
[L3165]        sw_IngressPipe_lock_rw_mode_array__last_write_site := 0;
[L3166]        sw_IngressPipe_lock_rw_mode_array__last0_old_value := 0bv1;
[L3167]        sw_IngressPipe_lock_rw_mode_array__last0_value := 0bv1;
[L3169]        procurator_step := 0;
[L3170]        procurator_phase := 0;
[L3171]  CALL  call __wraparound_entry_error();
[L3185]        assert false;
         VAL   [client_inbox_count=0, client_pkt_external=false, dsl_pump_mode=true, procurator_phase=0, procurator_step=0, sw_IngressPipe_CounterTable_1_notification_cnt_1__last0_old_value=0bv8, sw_IngressPipe_CounterTable_1_notification_cnt_1__last0_value=0bv8, sw_IngressPipe_CounterTable_1_notification_cnt_1__last_index=0bv32, sw_IngressPipe_CounterTable_1_notification_cnt_1__last_old_value=0bv8, sw_IngressPipe_CounterTable_1_notification_cnt_1__last_value=0bv8, sw_IngressPipe_CounterTable_1_notification_cnt_1__last_write_site=0, sw_IngressPipe_CounterTable_1_notification_cnt_1__next_write_site=0, sw_IngressPipe_CounterTable_1_notification_cnt_1__wrote_any=false, sw_IngressPipe_CounterTable_1_notification_cnt_1__wrote_index0=false, sw_IngressPipe_CounterTable_2_notification_cnt_2__last0_old_value=0bv8, sw_IngressPipe_CounterTable_2_notification_cnt_2__last0_value=0bv8, sw_IngressPipe_CounterTable_2_notification_cnt_2__last_index=0bv32, sw_IngressPipe_CounterTable_2_notification_cnt_2__last_old_value=0bv8, sw_IngressPipe_CounterTable_2_notification_cnt_2__last_value=0bv8, sw_IngressPipe_CounterTable_2_notification_cnt_2__last_write_site=0, sw_IngressPipe_CounterTable_2_notification_cnt_2__next_write_site=0, sw_IngressPipe_CounterTable_2_notification_cnt_2__wrote_any=false, sw_IngressPipe_CounterTable_2_notification_cnt_2__wrote_index0=false, sw_IngressPipe_CounterTable_3_notification_cnt_3__last0_old_value=0bv8, sw_IngressPipe_CounterTable_3_notification_cnt_3__last0_value=0bv8, sw_IngressPipe_CounterTable_3_notification_cnt_3__last_index=0bv32, sw_IngressPipe_CounterTable_3_notification_cnt_3__last_old_value=0bv8, sw_IngressPipe_CounterTable_3_notification_cnt_3__last_value=0bv8, sw_IngressPipe_CounterTable_3_notification_cnt_3__last_write_site=0, sw_IngressPipe_CounterTable_3_notification_cnt_3__next_write_site=0, sw_IngressPipe_CounterTable_3_notification_cnt_3__wrote_any=false, sw_IngressPipe_CounterTable_3_notification_cnt_3__wrote_index0=false, sw_IngressPipe_LockOperation_1_lock_agent_array_1__last0_old_value=0bv8, sw_IngressPipe_LockOperation_1_lock_agent_array_1__last0_value=0bv8, sw_IngressPipe_LockOperation_1_lock_agent_array_1__last_index=0bv32, sw_IngressPipe_LockOperation_1_lock_agent_array_1__last_old_value=0bv8, sw_IngressPipe_LockOperation_1_lock_agent_array_1__last_value=0bv8, sw_IngressPipe_LockOperation_1_lock_agent_array_1__last_write_site=0, sw_IngressPipe_LockOperation_1_lock_agent_array_1__next_write_site=0, sw_IngressPipe_LockOperation_1_lock_agent_array_1__wrote_any=false, sw_IngressPipe_LockOperation_1_lock_agent_array_1__wrote_index0=false, sw_IngressPipe_LockOperation_2_lock_agent_array_2__last0_old_value=0bv8, sw_IngressPipe_LockOperation_2_lock_agent_array_2__last0_value=0bv8, sw_IngressPipe_LockOperation_2_lock_agent_array_2__last_index=0bv32, sw_IngressPipe_LockOperation_2_lock_agent_array_2__last_old_value=0bv8, sw_IngressPipe_LockOperation_2_lock_agent_array_2__last_value=0bv8, sw_IngressPipe_LockOperation_2_lock_agent_array_2__last_write_site=0, sw_IngressPipe_LockOperation_2_lock_agent_array_2__next_write_site=0, sw_IngressPipe_LockOperation_2_lock_agent_array_2__wrote_any=false, sw_IngressPipe_LockOperation_2_lock_agent_array_2__wrote_index0=false, sw_IngressPipe_LockOperation_3_lock_agent_array_3__last0_old_value=0bv8, sw_IngressPipe_LockOperation_3_lock_agent_array_3__last0_value=0bv8, sw_IngressPipe_LockOperation_3_lock_agent_array_3__last_index=0bv32, sw_IngressPipe_LockOperation_3_lock_agent_array_3__last_old_value=0bv8, sw_IngressPipe_LockOperation_3_lock_agent_array_3__last_value=0bv8, sw_IngressPipe_LockOperation_3_lock_agent_array_3__last_write_site=0, sw_IngressPipe_LockOperation_3_lock_agent_array_3__next_write_site=0, sw_IngressPipe_LockOperation_3_lock_agent_array_3__wrote_any=false, sw_IngressPipe_LockOperation_3_lock_agent_array_3__wrote_index0=false, sw_IngressPipe_lock_free_mode_array__last0_old_value=0bv1, sw_IngressPipe_lock_free_mode_array__last0_value=0bv1, sw_IngressPipe_lock_free_mode_array__last_index=0bv32, sw_IngressPipe_lock_free_mode_array__last_old_value=0bv1, sw_IngressPipe_lock_free_mode_array__last_value=0bv1, sw_IngressPipe_lock_free_mode_array__last_write_site=0, sw_IngressPipe_lock_free_mode_array__next_write_site=0, sw_IngressPipe_lock_free_mode_array__wrote_any=false, sw_IngressPipe_lock_free_mode_array__wrote_index0=false, sw_IngressPipe_lock_rw_mode_array__last0_old_value=0bv1, sw_IngressPipe_lock_rw_mode_array__last0_value=0bv1, sw_IngressPipe_lock_rw_mode_array__last_index=0bv32, sw_IngressPipe_lock_rw_mode_array__last_old_value=0bv1, sw_IngressPipe_lock_rw_mode_array__last_value=0bv1, sw_IngressPipe_lock_rw_mode_array__last_write_site=0, sw_IngressPipe_lock_rw_mode_array__next_write_site=0, sw_IngressPipe_lock_rw_mode_array__wrote_any=false, sw_IngressPipe_lock_rw_mode_array__wrote_index0=false, sw_inbox_count=0, sw_p4b_clone_e2e=false, sw_p4b_clone_i2e=false, sw_p4b_clone_i2i=false, sw_p4b_recirculate=false, sw_pkt_external=false]

  - StatisticsResult: Ultimate Automizer benchmark data
    CFG has 1 procedures, 7 locations, 6 edges, 1 error locations. Started 1 CEGAR loops. OverallTime: 3.7s, OverallIterations: 1, TraceHistogramMax: 1, PathProgramHistogramMax: 1, EmptinessCheckTime: 0.0s, AutomataDifference: 0.0s, DeadEndRemovalTime: 0.0s, HoareAnnotationTime: 0.0s, InitialAbstractionConstructionTime: 0.0s, HoareTripleCheckerStatistics: , PredicateUnifierStatistics: No data available, 0.0s BasicInterpolantAutomatonTime, BiggestAbstraction: size=7occurred in iteration=0, InterpolantAutomatonStates: 0, traceCheckStatistics: No data available, InterpolantConsolidationStatistics: No data available, PathInvariantsStatistics: No data available, 0/0 InterpolantCoveringCapability, TotalInterpolationStatistics: No data available, 0.0s DumpTime, AutomataMinimizationStatistics: No data available, HoareAnnotationStatistics: No data available, RefinementEngineStatistics: TRACE_CHECK: 0.1s SsaConstructionTime, 1.7s SatisfiabilityAnalysisTime, 0.0s InterpolantComputationTime, 2 NumberOfCodeBlocks, 2 NumberOfCodeBlocksAsserted, 1 NumberOfCheckSat, 0 ConstructedInterpolants, 0 QuantifiedInterpolants, 0 SizeOfPredicates, 0 NumberOfNonLiveVariables, 0 ConjunctsInSsa, 0 ConjunctsInUnsatCore, 0 InterpolantComputations, 0 PerfectInterpolantSequences, 0/0 InterpolantCoveringCapability, INVARIANT_SYNTHESIS: No data available, INTERPOLANT_CONSOLIDATION: No data available, ABSTRACT_INTERPRETATION: No data available, PDR: No data available, ACCELERATED_INTERPOLATION: No data available, SIFA: No data available, ReuseStatistics: No data available, ConComCheckerStatistics: No data available
RESULT: Ultimate proved your program to be incorrect!
Completed graceful shutdown
