[RUN] taskset -c 0 nice -n 19 ionice -c 3 timeout 960 /home/smy/p4-verify-camera-ready/.tmp/orphan-worktree-20260703-gemcutter/UGemCutter-linux/Ultimate --launcher.ini /home/smy/p4-verify-camera-ready/.tmp/procurator/verify/netchain_wraparound_bug/20260704-071632-dee1/wraparound/target.00.s1_sequence_reg/ultimate-home/netchain_wraparound_bug.cegis.00/entry/Ultimate.launcher.ini --core.toolchain.timeout.in.seconds=900 -tc /home/smy/p4-verify-camera-ready/src/dslc/toolchain/ultimate/toolchains/ReachSafety.xml -s /home/smy/p4-verify-camera-ready/src/dslc/toolchain/ultimate/settings/gemcutter/base/ReachSafety-32bit-GemCutter-ALL.epf -i /home/smy/p4-verify-camera-ready/.tmp/procurator/verify/netchain_wraparound_bug/20260704-071632-dee1/wraparound/target.00.s1_sequence_reg/netchain_wraparound_bug.cegis.00.entry_check.bpl
Picked up JAVA_TOOL_OPTIONS: -Duser.home=/home/smy/p4-verify-camera-ready/.tmp/procurator/verify/netchain_wraparound_bug/20260704-071632-dee1/wraparound/target.00.s1_sequence_reg/ultimate-home/netchain_wraparound_bug.cegis.00/entry
WARNING: A terminally deprecated method in sun.misc.Unsafe has been called
WARNING: sun.misc.Unsafe::staticFieldOffset has been called by org.eclipse.osgi.internal.url.MultiplexingFactory (file:/home/smy/p4-verify-camera-ready/.tmp/orphan-worktree-20260703-gemcutter/UGemCutter-linux/plugins/org.eclipse.osgi_3.20.0.v20240509-1421.jar)
WARNING: Please consider reporting this to the maintainers of class org.eclipse.osgi.internal.url.MultiplexingFactory
WARNING: sun.misc.Unsafe::staticFieldOffset will be removed in a future release
WARNING: A restricted method in java.lang.Runtime has been called
WARNING: java.lang.Runtime::load has been called by org.eclipse.equinox.launcher.JNIBridge in an unnamed module (file:/home/smy/p4-verify-camera-ready/.tmp/orphan-worktree-20260703-gemcutter/UGemCutter-linux/plugins/org.eclipse.equinox.launcher_1.6.800.v20240513-1750.jar)
WARNING: Use --enable-native-access=ALL-UNNAMED to avoid a warning for callers in this module
WARNING: Restricted methods will be blocked in a future release unless native access is enabled

This is Ultimate 0.3.1-dev-35a8436538
[2026-07-04 07:16:34,568 INFO  L188        SettingsManager]: Resetting all preferences to default values...
[2026-07-04 07:16:34,649 INFO  L114        SettingsManager]: Loading settings from /home/smy/p4-verify-camera-ready/src/dslc/toolchain/ultimate/settings/gemcutter/base/ReachSafety-32bit-GemCutter-ALL.epf
[2026-07-04 07:16:34,660 WARN  L101        SettingsManager]: Preference file contains the following unknown settings:
[2026-07-04 07:16:34,660 WARN  L103        SettingsManager]:   * de.uni_freiburg.informatik.ultimate.core.Log level for class
[2026-07-04 07:16:34,697 INFO  L130        SettingsManager]: Preferences different from defaults after loading the file:
[2026-07-04 07:16:34,698 INFO  L151        SettingsManager]: Preferences of UltimateCore differ from their defaults:
[2026-07-04 07:16:34,698 INFO  L153        SettingsManager]:  * Log level for class=de.uni_freiburg.informatik.ultimate.lib.smtlibutils.quantifier.QuantifierPusher=ERROR;
[2026-07-04 07:16:34,698 INFO  L151        SettingsManager]: Preferences of Boogie Procedure Inliner differ from their defaults:
[2026-07-04 07:16:34,698 INFO  L153        SettingsManager]:  * Ignore calls to procedures called more than once=ONLY_FOR_SEQUENTIAL_PROGRAMS
[2026-07-04 07:16:34,698 INFO  L151        SettingsManager]: Preferences of BlockEncodingV2 differ from their defaults:
[2026-07-04 07:16:34,698 INFO  L153        SettingsManager]:  * Create parallel compositions if possible=false
[2026-07-04 07:16:34,698 INFO  L153        SettingsManager]:  * Use SBE=true
[2026-07-04 07:16:34,699 INFO  L151        SettingsManager]: Preferences of CACSL2BoogieTranslator differ from their defaults:
[2026-07-04 07:16:34,699 INFO  L153        SettingsManager]:  * sizeof long=4
[2026-07-04 07:16:34,699 INFO  L153        SettingsManager]:  * Overapproximate operations on floating types=true
[2026-07-04 07:16:34,699 INFO  L153        SettingsManager]:  * sizeof POINTER=4
[2026-07-04 07:16:34,699 INFO  L153        SettingsManager]:  * Check division by zero=IGNORE
[2026-07-04 07:16:34,699 INFO  L153        SettingsManager]:  * If two pointers are subtracted or compared they have the same base address=IGNORE
[2026-07-04 07:16:34,699 INFO  L153        SettingsManager]:  * Pointer dereference validity=IGNORE
[2026-07-04 07:16:34,699 INFO  L153        SettingsManager]:  * sizeof long double=12
[2026-07-04 07:16:34,699 INFO  L153        SettingsManager]:  * Check if freed pointer was valid=false
[2026-07-04 07:16:34,699 INFO  L153        SettingsManager]:  * Use constant arrays=true
[2026-07-04 07:16:34,699 INFO  L151        SettingsManager]: Preferences of RCFGBuilder differ from their defaults:
[2026-07-04 07:16:34,699 INFO  L153        SettingsManager]:  * Size of a code block=SequenceOfStatements
[2026-07-04 07:16:34,699 INFO  L153        SettingsManager]:  * SMT solver=External_DefaultMode
[2026-07-04 07:16:34,699 INFO  L153        SettingsManager]:  * Command for external solver=z3 SMTLIB2_COMPLIANT=true -memory:2024 -smt2 -in -t:2000
[2026-07-04 07:16:34,699 INFO  L151        SettingsManager]: Preferences of TraceAbstraction differ from their defaults:
[2026-07-04 07:16:34,699 INFO  L153        SettingsManager]:  * Compute Interpolants along a Counterexample=FPandBP
[2026-07-04 07:16:34,699 INFO  L153        SettingsManager]:  * Positions where we compute the Hoare Annotation=LoopHeads
[2026-07-04 07:16:34,699 INFO  L153        SettingsManager]:  * DFS Order used in POR=LOOP_LOCKSTEP
[2026-07-04 07:16:34,699 INFO  L153        SettingsManager]:  * Command for external solver=z3 SMTLIB2_COMPLIANT=true -memory:2024 -smt2 -in
[2026-07-04 07:16:34,699 INFO  L153        SettingsManager]:  * Automaton type used in concurrency analysis=PARTIAL_ORDER_FA
[2026-07-04 07:16:34,699 INFO  L153        SettingsManager]:  * CEGAR restart behaviour=ONE_CEGAR_PER_THREAD_INSTANCE
[2026-07-04 07:16:34,700 INFO  L153        SettingsManager]:  * Partial Order Reduction in concurrent analysis=PERSISTENT_SLEEP_NEW_STATES_FIXEDORDER
[2026-07-04 07:16:34,700 INFO  L153        SettingsManager]:  * SMT solver=External_ModelsAndUnsatCoreMode
Applying setting for plugin de.uni_freiburg.informatik.ultimate.core: Toolchain timeout in seconds -> 900
[2026-07-04 07:16:35,298 INFO  L75    nceAwareModelManager]: Repository-Root is: /tmp
[2026-07-04 07:16:35,318 INFO  L261   ainManager$Toolchain]: [Toolchain 1]: Applicable parser(s) successfully (re)initialized
[2026-07-04 07:16:35,319 INFO  L217   ainManager$Toolchain]: [Toolchain 1]: Toolchain selected.
[2026-07-04 07:16:35,320 INFO  L270        PluginConnector]: Initializing Boogie PL CUP Parser...
[2026-07-04 07:16:35,321 INFO  L274        PluginConnector]: Boogie PL CUP Parser initialized
[2026-07-04 07:16:35,322 INFO  L431   ainManager$Toolchain]: [Toolchain 1]: Parsing single file: /home/smy/p4-verify-camera-ready/.tmp/procurator/verify/netchain_wraparound_bug/20260704-071632-dee1/wraparound/target.00.s1_sequence_reg/netchain_wraparound_bug.cegis.00.entry_check.bpl
[2026-07-04 07:16:35,322 INFO  L110           BoogieParser]: Parsing: '/home/smy/p4-verify-camera-ready/.tmp/procurator/verify/netchain_wraparound_bug/20260704-071632-dee1/wraparound/target.00.s1_sequence_reg/netchain_wraparound_bug.cegis.00.entry_check.bpl'
[2026-07-04 07:16:35,404 INFO  L299   ainManager$Toolchain]: ####################### [Toolchain 1] #######################
[2026-07-04 07:16:35,410 INFO  L133        ToolchainWalker]: Walking toolchain with 4 elements.
[2026-07-04 07:16:35,417 INFO  L112        PluginConnector]: ------------------------Boogie Procedure Inliner----------------------------
[2026-07-04 07:16:35,417 INFO  L270        PluginConnector]: Initializing Boogie Procedure Inliner...
[2026-07-04 07:16:35,417 INFO  L274        PluginConnector]: Boogie Procedure Inliner initialized
[2026-07-04 07:16:35,434 INFO  L184        PluginConnector]: Executing the observer TypeChecker from plugin Boogie Procedure Inliner for "netchain_wraparound_bug.cegis.00.entry_check.bpl de.uni_freiburg.informatik.ultimate.boogie.parser AST 04.07 07:16:35" (1/1) ...
[2026-07-04 07:16:35,460 INFO  L184        PluginConnector]: Executing the observer Inliner from plugin Boogie Procedure Inliner for "netchain_wraparound_bug.cegis.00.entry_check.bpl de.uni_freiburg.informatik.ultimate.boogie.parser AST 04.07 07:16:35" (1/1) ...
[2026-07-04 07:16:35,497 INFO  L138                Inliner]: procedures = 85, calls = 114, calls flagged for inlining = 65, calls inlined = 2, statements flattened = 40
[2026-07-04 07:16:35,499 INFO  L131        PluginConnector]: ------------------------ END Boogie Procedure Inliner----------------------------
[2026-07-04 07:16:35,499 INFO  L112        PluginConnector]: ------------------------Boogie Preprocessor----------------------------
[2026-07-04 07:16:35,499 INFO  L270        PluginConnector]: Initializing Boogie Preprocessor...
[2026-07-04 07:16:35,499 INFO  L274        PluginConnector]: Boogie Preprocessor initialized
[2026-07-04 07:16:35,515 INFO  L184        PluginConnector]: Executing the observer EnsureBoogieModelObserver from plugin Boogie Preprocessor for "netchain_wraparound_bug.cegis.00.entry_check.bpl de.uni_freiburg.informatik.ultimate.boogie.parser AST 04.07 07:16:35" (1/1) ...
[2026-07-04 07:16:35,515 INFO  L184        PluginConnector]: Executing the observer TypeChecker from plugin Boogie Preprocessor for "netchain_wraparound_bug.cegis.00.entry_check.bpl de.uni_freiburg.informatik.ultimate.boogie.parser AST 04.07 07:16:35" (1/1) ...
[2026-07-04 07:16:35,525 INFO  L184        PluginConnector]: Executing the observer ConstExpander from plugin Boogie Preprocessor for "netchain_wraparound_bug.cegis.00.entry_check.bpl de.uni_freiburg.informatik.ultimate.boogie.parser AST 04.07 07:16:35" (1/1) ...
[2026-07-04 07:16:35,526 INFO  L184        PluginConnector]: Executing the observer StructExpander from plugin Boogie Preprocessor for "netchain_wraparound_bug.cegis.00.entry_check.bpl de.uni_freiburg.informatik.ultimate.boogie.parser AST 04.07 07:16:35" (1/1) ...
[2026-07-04 07:16:35,533 INFO  L184        PluginConnector]: Executing the observer ReplaceArrayAssignments from plugin Boogie Preprocessor for "netchain_wraparound_bug.cegis.00.entry_check.bpl de.uni_freiburg.informatik.ultimate.boogie.parser AST 04.07 07:16:35" (1/1) ...
[2026-07-04 07:16:35,534 INFO  L184        PluginConnector]: Executing the observer UnstructureCode from plugin Boogie Preprocessor for "netchain_wraparound_bug.cegis.00.entry_check.bpl de.uni_freiburg.informatik.ultimate.boogie.parser AST 04.07 07:16:35" (1/1) ...
[2026-07-04 07:16:35,542 INFO  L184        PluginConnector]: Executing the observer FunctionInliner from plugin Boogie Preprocessor for "netchain_wraparound_bug.cegis.00.entry_check.bpl de.uni_freiburg.informatik.ultimate.boogie.parser AST 04.07 07:16:35" (1/1) ...
[2026-07-04 07:16:35,543 INFO  L184        PluginConnector]: Executing the observer LTLStepAnnotator from plugin Boogie Preprocessor for "netchain_wraparound_bug.cegis.00.entry_check.bpl de.uni_freiburg.informatik.ultimate.boogie.parser AST 04.07 07:16:35" (1/1) ...
[2026-07-04 07:16:35,544 INFO  L184        PluginConnector]: Executing the observer BoogieSymbolTableConstructor from plugin Boogie Preprocessor for "netchain_wraparound_bug.cegis.00.entry_check.bpl de.uni_freiburg.informatik.ultimate.boogie.parser AST 04.07 07:16:35" (1/1) ...
[2026-07-04 07:16:35,552 INFO  L131        PluginConnector]: ------------------------ END Boogie Preprocessor----------------------------
[2026-07-04 07:16:35,553 INFO  L112        PluginConnector]: ------------------------RCFGBuilder----------------------------
[2026-07-04 07:16:35,553 INFO  L270        PluginConnector]: Initializing RCFGBuilder...
[2026-07-04 07:16:35,553 INFO  L274        PluginConnector]: RCFGBuilder initialized
[2026-07-04 07:16:35,560 INFO  L184        PluginConnector]: Executing the observer RCFGBuilderObserver from plugin RCFGBuilder for "netchain_wraparound_bug.cegis.00.entry_check.bpl de.uni_freiburg.informatik.ultimate.boogie.parser AST 04.07 07:16:35" (1/1) ...
[2026-07-04 07:16:35,571 INFO  L173          SolverBuilder]: Constructing external solver with command: z3 SMTLIB2_COMPLIANT=true -memory:2024 -smt2 -in -t:2000
[2026-07-04 07:16:35,598 INFO  L189       MonitoredProcess]: No working directory specified, using /usr/bin/z3
[2026-07-04 07:16:35,622 INFO  L229       MonitoredProcess]: Starting monitored process 1 with /usr/bin/z3 SMTLIB2_COMPLIANT=true -memory:2024 -smt2 -in -t:2000 (exit command is (exit), workingDir is null)
[2026-07-04 07:16:35,633 INFO  L327       MonitoredProcess]: [MP /usr/bin/z3 SMTLIB2_COMPLIANT=true -memory:2024 -smt2 -in -t:2000 (1)] Waiting until timeout for monitored process
[2026-07-04 07:16:35,707 INFO  L124     BoogieDeclarations]: Specification and implementation of procedure ULTIMATE.start given in one single declaration
[2026-07-04 07:16:35,708 INFO  L130     BoogieDeclarations]: Found specification of procedure ULTIMATE.start
[2026-07-04 07:16:35,708 INFO  L138     BoogieDeclarations]: Found implementation of procedure ULTIMATE.start
[2026-07-04 07:16:36,085 INFO  L234             CfgBuilder]: Building ICFG
[2026-07-04 07:16:36,087 INFO  L260             CfgBuilder]: Building CFG for each procedure with an implementation
[2026-07-04 07:16:36,169 INFO  L?                        ?]: Removed 0 outVars from TransFormulas that were not future-live.
[2026-07-04 07:16:36,169 INFO  L283             CfgBuilder]: Performing block encoding
[2026-07-04 07:16:36,186 INFO  L89      LargeBlockEncoding]: Applying CFG Large Block Encoding to ICFG that has 1 procedures, 7 locations, 6 edges, 0 initial locations, 0 loop locations, and 1 error locations.
[2026-07-04 07:16:36,192 INFO  L139     LargeBlockEncoding]: LargeBlockEncoding completed in 19 ms, with 0 straightline sequential compositions, 0 parallel compositions, 0 1:n/n:1 sequential compositions and 0 complex sequential compositions.
[2026-07-04 07:16:36,193 INFO  L307             CfgBuilder]: Using the 1 location(s) as analysis (start of procedure ULTIMATE.start)
[2026-07-04 07:16:36,193 INFO  L312             CfgBuilder]: Removed 0 assume(true) statements.
[2026-07-04 07:16:36,193 INFO  L314             CfgBuilder]: Constructed ICFG has 1 procedures, 7 locations, 6 edges, 1 initial locations, 0 loop locations, and 1 error locations.
[2026-07-04 07:16:36,194 INFO  L201        PluginConnector]: Adding new model netchain_wraparound_bug.cegis.00.entry_check.bpl de.uni_freiburg.informatik.ultimate.plugins.generator.rcfgbuilder CFG 04.07 07:16:36 BoogieIcfgContainer
[2026-07-04 07:16:36,194 INFO  L131        PluginConnector]: ------------------------ END RCFGBuilder----------------------------
[2026-07-04 07:16:36,195 INFO  L112        PluginConnector]: ------------------------TraceAbstraction----------------------------
[2026-07-04 07:16:36,195 INFO  L270        PluginConnector]: Initializing TraceAbstraction...
[2026-07-04 07:16:36,216 INFO  L274        PluginConnector]: TraceAbstraction initialized
[2026-07-04 07:16:36,216 INFO  L184        PluginConnector]: Executing the observer TraceAbstractionObserver from plugin TraceAbstraction for "netchain_wraparound_bug.cegis.00.entry_check.bpl de.uni_freiburg.informatik.ultimate.boogie.parser AST 04.07 07:16:35" (1/2) ...
[2026-07-04 07:16:36,216 INFO  L204        PluginConnector]: Invalid model from TraceAbstraction for observer de.uni_freiburg.informatik.ultimate.plugins.generator.traceabstraction.TraceAbstractionObserver@607db5a0 and model type netchain_wraparound_bug.cegis.00.entry_check.bpl de.uni_freiburg.informatik.ultimate.plugins.generator.traceabstraction AST 04.07 07:16:36, skipping insertion in model container
[2026-07-04 07:16:36,217 INFO  L184        PluginConnector]: Executing the observer TraceAbstractionObserver from plugin TraceAbstraction for "netchain_wraparound_bug.cegis.00.entry_check.bpl de.uni_freiburg.informatik.ultimate.plugins.generator.rcfgbuilder CFG 04.07 07:16:36" (2/2) ...
[2026-07-04 07:16:36,217 INFO  L128   eAbstractionObserver]: Analyzing ICFG netchain_wraparound_bug.cegis.00.entry_check.bpl
[2026-07-04 07:16:36,243 INFO  L217   ceAbstractionStarter]: Automizer settings: Hoare:LoopHeads NWA Interpolation:FPandBP Determinization: PREDICATE_ABSTRACTION
[2026-07-04 07:16:36,243 INFO  L151   ceAbstractionStarter]: Applying trace abstraction to ICFG netchain_wraparound_bug.cegis.00.entry_check.bpl that has 1 procedures, 7 locations, 6 edges, 1 initial locations, 0 loop locations, and 1 error locations.
[2026-07-04 07:16:36,244 WARN  L366   ceAbstractionStarter]: Program is not concurrent. Changing CEGAR restart behaviour to ONLY_ONE_CEGAR
[2026-07-04 07:16:36,374 INFO  L344      AbstractCegarLoop]: ======== Iteration 0 == of CEGAR loop == AllErrorsAtOnce ========
[2026-07-04 07:16:36,391 INFO  L345      AbstractCegarLoop]: Settings: SEPARATE_VIOLATION_CHECK=true, mInterprocedural=true, mMaxIterations=1000000, mWatchIteration=1000000, mArtifact=RCFG, mInterpolation=FPandBP, mInterpolantAutomaton=STRAIGHT_LINE, mDumpAutomata=false, mAutomataFormat=ATS_NUMERATE, mDumpPath=., mDeterminiation=PREDICATE_ABSTRACTION, mMinimize=MINIMIZE_SEVPA, mAutomataTypeConcurrency=PARTIAL_ORDER_FA, mHoareTripleChecks=INCREMENTAL, mHoareAnnotationPositions=LoopHeads, mDumpOnlyReuseAutomata=false, mLimitTraceHistogram=0, mErrorLocTimeLimit=0, mLimitPathProgramCount=0, mCollectInterpolantStatistics=true, mHeuristicEmptinessCheck=false, mHeuristicEmptinessCheckAStarHeuristic=ZERO, mHeuristicEmptinessCheckAStarHeuristicRandomSeed=1337, mHeuristicEmptinessCheckSmtFeatureScoringMethod=DAGSIZE, mSMTFeatureExtraction=false, mSMTFeatureExtractionDumpPath=., mOverrideInterpolantAutomaton=false, mMcrInterpolantMethod=WP, mPorIndependenceSettings=[Lde.uni_freiburg.informatik.ultimate.lib.tracecheckerutils.partialorder.independence.IndependenceSettings;@28881a84, mLbeIndependenceSettings=[IndependenceType=SEMANTIC, AbstractionType=NONE, UseConditional=false, UseSemiCommutativity=true, Solver=Z3, SolverTimeout=1000ms]
[2026-07-04 07:16:36,391 INFO  L346      AbstractCegarLoop]: Starting to check reachability of 1 error locations.
[2026-07-04 07:16:36,398 INFO  L278                IsEmpty]: Start isEmpty. Operand  has 7 states, 5 states have (on average 1.2) internal successors, (6), 6 states have internal predecessors, (6), 0 states have call successors, (0), 0 states have call predecessors, (0), 0 states have return successors, (0), 0 states have call predecessors, (0), 0 states have call successors, (0)
[2026-07-04 07:16:36,407 INFO  L284                IsEmpty]: Finished isEmpty. Found accepting run of length 3
[2026-07-04 07:16:36,407 INFO  L199           NwaCegarLoop]: Found error trace
[2026-07-04 07:16:36,408 INFO  L207           NwaCegarLoop]: trace histogram [1, 1]
[2026-07-04 07:16:36,408 INFO  L408      AbstractCegarLoop]: === Iteration 1 === Targeting ULTIMATE.startErr0ASSERT_VIOLATIONASSERT === [ULTIMATE.startErr0ASSERT_VIOLATIONASSERT] ===
[2026-07-04 07:16:36,411 INFO  L156       PredicateUnifier]: Initialized classic predicate unifier
[2026-07-04 07:16:36,411 INFO  L85        PathProgramCache]: Analyzing trace with hash 962, now seen corresponding path program 1 times
[2026-07-04 07:16:36,420 INFO  L118   FreeRefinementEngine]: Executing refinement strategy FIXED_PREFERENCES
[2026-07-04 07:16:36,425 INFO  L324   FreeRefinementEngine]: Using trace check IpTcStrategyModulePreferences [490445811]
[2026-07-04 07:16:36,425 INFO  L97    rtionOrderModulation]: Keeping assertion order NOT_INCREMENTALLY
[2026-07-04 07:16:36,425 INFO  L173          SolverBuilder]: Constructing external solver with command: z3 SMTLIB2_COMPLIANT=true -memory:2024 -smt2 -in
[2026-07-04 07:16:36,427 INFO  L189       MonitoredProcess]: No working directory specified, using /usr/bin/z3
[2026-07-04 07:16:36,436 INFO  L229       MonitoredProcess]: Starting monitored process 2 with /usr/bin/z3 SMTLIB2_COMPLIANT=true -memory:2024 -smt2 -in (exit command is (exit), workingDir is null)
[2026-07-04 07:16:36,438 INFO  L327       MonitoredProcess]: [MP /usr/bin/z3 SMTLIB2_COMPLIANT=true -memory:2024 -smt2 -in (2)] Waiting until timeout for monitored process
[2026-07-04 07:16:36,699 INFO  L108    AnnotateAndAsserter]: Assert order NOT_INCREMENTALLY partitioned 2 statements into 1 equivalence classes.
[2026-07-04 07:16:36,723 INFO  L111    AnnotateAndAsserter]: Assert order NOT_INCREMENTALLY issued 1 check-sat command(s) and asserted 2 of 2 statements.
[2026-07-04 07:16:36,724 INFO  L114    AnnotateAndAsserter]: Assert order NOT_INCREMENTALLY issued 1 check-sat command(s)
[2026-07-04 07:16:36,724 INFO  L115    AnnotateAndAsserter]: Conjunction of SSA is sat
[2026-07-04 07:16:36,724 INFO  L348             TraceCheck]: Trace is feasible, we will do another trace check, this time with branch encoders.
[2026-07-04 07:16:36,766 INFO  L108    AnnotateAndAsserter]: Assert order NOT_INCREMENTALLY partitioned 2 statements into 1 equivalence classes.
[2026-07-04 07:16:36,775 INFO  L111    AnnotateAndAsserter]: Assert order NOT_INCREMENTALLY issued 1 check-sat command(s) and asserted 2 of 2 statements.
[2026-07-04 07:16:36,775 INFO  L114    AnnotateAndAsserter]: Assert order NOT_INCREMENTALLY issued 1 check-sat command(s)
[2026-07-04 07:16:36,775 INFO  L115    AnnotateAndAsserter]: Conjunction of SSA is sat
[2026-07-04 07:16:36,910 INFO  L130   FreeRefinementEngine]: Strategy FIXED_PREFERENCES found a feasible trace
[2026-07-04 07:16:36,911 INFO  L342         BasicCegarLoop]: Counterexample is feasible
[2026-07-04 07:16:36,912 INFO  L795   garLoopResultBuilder]: Registering result UNSAFE for location ULTIMATE.startErr0ASSERT_VIOLATIONASSERT (0 of 1 remaining)
[2026-07-04 07:16:36,935 INFO  L546       MonitoredProcess]: [MP /usr/bin/z3 SMTLIB2_COMPLIANT=true -memory:2024 -smt2 -in (2)] Ended with exit code 0
[2026-07-04 07:16:37,122 WARN  L471      AbstractCegarLoop]: Destroyed unattended storables created during the last iteration: 2 /usr/bin/z3 SMTLIB2_COMPLIANT=true -memory:2024 -smt2 -in
[2026-07-04 07:16:37,137 INFO  L424         BasicCegarLoop]: Path program histogram: [1]
[2026-07-04 07:16:37,151 INFO  L171   ceAbstractionStarter]: Computing trace abstraction results
[2026-07-04 07:16:37,153 INFO  L201        PluginConnector]: Adding new model netchain_wraparound_bug.cegis.00.entry_check.bpl de.uni_freiburg.informatik.ultimate.plugins.generator.traceabstraction CFG 04.07 07:16:37 BoogieIcfgContainer
[2026-07-04 07:16:37,153 INFO  L131        PluginConnector]: ------------------------ END TraceAbstraction----------------------------
[2026-07-04 07:16:37,161 INFO  L158              Benchmark]: Toolchain (without parser) took 1756.58ms. Allocated memory is still 519.1MB. Free memory was 480.3MB in the beginning and 428.0MB in the end (delta: 52.3MB). Peak memory consumption was 52.3MB. Max. memory is 4.2GB.
[2026-07-04 07:16:37,162 INFO  L158              Benchmark]: Boogie PL CUP Parser took 0.09ms. Allocated memory is still 519.1MB. Free memory is still 487.4MB. There was no memory consumed. Max. memory is 4.2GB.
[2026-07-04 07:16:37,162 INFO  L158              Benchmark]: Boogie Procedure Inliner took 88.13ms. Allocated memory is still 519.1MB. Free memory was 480.3MB in the beginning and 477.4MB in the end (delta: 2.9MB). Peak memory consumption was 2.9MB. Max. memory is 4.2GB.
[2026-07-04 07:16:37,162 INFO  L158              Benchmark]: Boogie Preprocessor took 52.99ms. Allocated memory is still 519.1MB. Free memory was 477.4MB in the beginning and 476.0MB in the end (delta: 1.4MB). Peak memory consumption was 1.4MB. Max. memory is 4.2GB.
[2026-07-04 07:16:37,162 INFO  L158              Benchmark]: RCFGBuilder took 641.13ms. Allocated memory is still 519.1MB. Free memory was 476.0MB in the beginning and 457.6MB in the end (delta: 18.4MB). Peak memory consumption was 18.4MB. Max. memory is 4.2GB.
[2026-07-04 07:16:37,162 INFO  L158              Benchmark]: TraceAbstraction took 957.49ms. Allocated memory is still 519.1MB. Free memory was 457.6MB in the beginning and 428.0MB in the end (delta: 29.6MB). Peak memory consumption was 29.6MB. Max. memory is 4.2GB.
[2026-07-04 07:16:37,162 INFO  L338   ainManager$Toolchain]: #######################  End [Toolchain 1] #######################
 --- Results ---
 * Results from de.uni_freiburg.informatik.ultimate.core:
  - StatisticsResult: Toolchain Benchmarks
    Benchmark results are:
 * Boogie PL CUP Parser took 0.09ms. Allocated memory is still 519.1MB. Free memory is still 487.4MB. There was no memory consumed. Max. memory is 4.2GB.
 * Boogie Procedure Inliner took 88.13ms. Allocated memory is still 519.1MB. Free memory was 480.3MB in the beginning and 477.4MB in the end (delta: 2.9MB). Peak memory consumption was 2.9MB. Max. memory is 4.2GB.
 * Boogie Preprocessor took 52.99ms. Allocated memory is still 519.1MB. Free memory was 477.4MB in the beginning and 476.0MB in the end (delta: 1.4MB). Peak memory consumption was 1.4MB. Max. memory is 4.2GB.
 * RCFGBuilder took 641.13ms. Allocated memory is still 519.1MB. Free memory was 476.0MB in the beginning and 457.6MB in the end (delta: 18.4MB). Peak memory consumption was 18.4MB. Max. memory is 4.2GB.
 * TraceAbstraction took 957.49ms. Allocated memory is still 519.1MB. Free memory was 457.6MB in the beginning and 428.0MB in the end (delta: 29.6MB). Peak memory consumption was 29.6MB. Max. memory is 4.2GB.
 * Results from de.uni_freiburg.informatik.ultimate.plugins.generator.traceabstraction:
  - StatisticsResult: ErrorAutomatonStatistics
    NumberErrorTraces: 0, NumberStatementsAllTraces: 0, NumberRelevantStatements: 0, 0.0s ErrorAutomatonConstructionTimeTotal, 0.0s FaulLocalizationTime, NumberStatementsFirstTrace: -1, TraceLengthAvg: 0, 0.0s ErrorAutomatonConstructionTimeAvg, 0.0s ErrorAutomatonDifferenceTimeAvg, 0.0s ErrorAutomatonDifferenceTimeTotal, NumberOfNoEnhancement: 0, NumberOfFiniteEnhancement: 0, NumberOfInfiniteEnhancement: 0
  - CounterExampleResult [Line: 2180]: assertion can be violated
    assertion can be violated
We found a FailurePath: 
[L2174]  CALL  call mainProcedure();
[L2125]        s1_inbox_count := 0;
[L2126]        s1_pkt_external := false;
[L2127]        s2_inbox_count := 0;
[L2128]        s2_pkt_external := false;
[L2129]        h1_inbox_count := 0;
[L2130]        h1_pkt_external := false;
[L2132]        s1_p4b_clone_i2e := false;
[L2133]        s1_p4b_clone_e2e := false;
[L2134]        s1_p4b_clone_i2i := false;
[L2135]        s1_p4b_recirculate := false;
[L2136]        s2_p4b_clone_i2e := false;
[L2137]        s2_p4b_clone_e2e := false;
[L2138]        s2_p4b_clone_i2i := false;
[L2139]        s2_p4b_recirculate := false;
[L2142]        assume s1_sequence_reg[0bv32] == 0bv16;
[L2143]        assume s2_sequence_reg[0bv32] == 0bv16;
[L2145]        s1_sequence_reg__last_index := 0bv32;
[L2146]        s1_sequence_reg__last_value := 0bv16;
[L2147]        s1_sequence_reg__last_old_value := 0bv16;
[L2148]        s1_sequence_reg__wrote_any := false;
[L2149]        s1_sequence_reg__wrote_index0 := false;
[L2150]        s1_sequence_reg__next_write_site := 0;
[L2151]        s1_sequence_reg__last_write_site := 0;
[L2152]        s1_sequence_reg__last0_old_value := 0bv16;
[L2153]        s1_sequence_reg__last0_value := 0bv16;
[L2154]        s2_sequence_reg__last_index := 0bv32;
[L2155]        s2_sequence_reg__last_value := 0bv16;
[L2156]        s2_sequence_reg__last_old_value := 0bv16;
[L2157]        s2_sequence_reg__wrote_any := false;
[L2158]        s2_sequence_reg__wrote_index0 := false;
[L2159]        s2_sequence_reg__next_write_site := 0;
[L2160]        s2_sequence_reg__last_write_site := 0;
[L2161]        s2_sequence_reg__last0_old_value := 0bv16;
[L2162]        s2_sequence_reg__last0_value := 0bv16;
[L2164]        procurator_step := 0;
[L2165]        procurator_phase := 0;
[L2166]  CALL  call __wraparound_entry_error();
[L2180]        assert false;
         VAL   [h1_inbox_count=0, h1_pkt_external=false, procurator_phase=0, procurator_step=0, s1_inbox_count=0, s1_p4b_clone_e2e=false, s1_p4b_clone_i2e=false, s1_p4b_clone_i2i=false, s1_p4b_recirculate=false, s1_pkt_external=false, s1_sequence_reg__last0_old_value=0bv16, s1_sequence_reg__last0_value=0bv16, s1_sequence_reg__last_index=0bv32, s1_sequence_reg__last_old_value=0bv16, s1_sequence_reg__last_value=0bv16, s1_sequence_reg__last_write_site=0, s1_sequence_reg__next_write_site=0, s1_sequence_reg__wrote_any=false, s1_sequence_reg__wrote_index0=false, s2_inbox_count=0, s2_p4b_clone_e2e=false, s2_p4b_clone_i2e=false, s2_p4b_clone_i2i=false, s2_p4b_recirculate=false, s2_pkt_external=false, s2_sequence_reg__last0_old_value=0bv16, s2_sequence_reg__last0_value=0bv16, s2_sequence_reg__last_index=0bv32, s2_sequence_reg__last_old_value=0bv16, s2_sequence_reg__last_value=0bv16, s2_sequence_reg__last_write_site=0, s2_sequence_reg__next_write_site=0, s2_sequence_reg__wrote_any=false, s2_sequence_reg__wrote_index0=false]

  - StatisticsResult: Ultimate Automizer benchmark data
    CFG has 1 procedures, 7 locations, 6 edges, 1 error locations. Started 1 CEGAR loops. OverallTime: 0.8s, OverallIterations: 1, TraceHistogramMax: 1, PathProgramHistogramMax: 1, EmptinessCheckTime: 0.0s, AutomataDifference: 0.0s, DeadEndRemovalTime: 0.0s, HoareAnnotationTime: 0.0s, InitialAbstractionConstructionTime: 0.0s, HoareTripleCheckerStatistics: , PredicateUnifierStatistics: No data available, 0.0s BasicInterpolantAutomatonTime, BiggestAbstraction: size=7occurred in iteration=0, InterpolantAutomatonStates: 0, traceCheckStatistics: No data available, InterpolantConsolidationStatistics: No data available, PathInvariantsStatistics: No data available, 0/0 InterpolantCoveringCapability, TotalInterpolationStatistics: No data available, 0.0s DumpTime, AutomataMinimizationStatistics: No data available, HoareAnnotationStatistics: No data available, RefinementEngineStatistics: TRACE_CHECK: 0.1s SsaConstructionTime, 0.0s SatisfiabilityAnalysisTime, 0.0s InterpolantComputationTime, 2 NumberOfCodeBlocks, 2 NumberOfCodeBlocksAsserted, 1 NumberOfCheckSat, 0 ConstructedInterpolants, 0 QuantifiedInterpolants, 0 SizeOfPredicates, 0 NumberOfNonLiveVariables, 0 ConjunctsInSsa, 0 ConjunctsInUnsatCore, 0 InterpolantComputations, 0 PerfectInterpolantSequences, 0/0 InterpolantCoveringCapability, INVARIANT_SYNTHESIS: No data available, INTERPOLANT_CONSOLIDATION: No data available, ABSTRACT_INTERPRETATION: No data available, PDR: No data available, ACCELERATED_INTERPOLATION: No data available, SIFA: No data available, ReuseStatistics: No data available, ConComCheckerStatistics: No data available
RESULT: Ultimate proved your program to be incorrect!
[2026-07-04 07:16:37,184 INFO  L546       MonitoredProcess]: [MP /usr/bin/z3 SMTLIB2_COMPLIANT=true -memory:2024 -smt2 -in -t:2000 (1)] Ended with exit code 0
Received shutdown request...
