[RUN] taskset -c 0 nice -n 19 ionice -c 3 timeout 960 /home/smy/p4-verify-camera-ready/.tmp/orphan-worktree-20260703-gemcutter/UGemCutter-linux/Ultimate --launcher.ini /home/smy/p4-verify-camera-ready/.tmp/procurator/verify/distcache_p2c_wraparound_bug/20260704-082633-cdbf/wraparound/target.00.clientTrack_partitionswitchIngress_leafload_reg/ultimate-home/distcache_p2c_wraparound_bug.cegis.00/entry/Ultimate.launcher.ini --core.toolchain.timeout.in.seconds=900 -tc /home/smy/p4-verify-camera-ready/src/dslc/toolchain/ultimate/toolchains/ReachSafety.xml -s /home/smy/p4-verify-camera-ready/src/dslc/toolchain/ultimate/settings/gemcutter/base/ReachSafety-32bit-GemCutter-ALL.epf -i /home/smy/p4-verify-camera-ready/.tmp/procurator/verify/distcache_p2c_wraparound_bug/20260704-082633-cdbf/wraparound/target.00.clientTrack_partitionswitchIngress_leafload_reg/distcache_p2c_wraparound_bug.cegis.00.entry_check.bpl
Picked up JAVA_TOOL_OPTIONS: -Duser.home=/home/smy/p4-verify-camera-ready/.tmp/procurator/verify/distcache_p2c_wraparound_bug/20260704-082633-cdbf/wraparound/target.00.clientTrack_partitionswitchIngress_leafload_reg/ultimate-home/distcache_p2c_wraparound_bug.cegis.00/entry
WARNING: A terminally deprecated method in sun.misc.Unsafe has been called
WARNING: sun.misc.Unsafe::staticFieldOffset has been called by org.eclipse.osgi.internal.url.MultiplexingFactory (file:/home/smy/p4-verify-camera-ready/.tmp/orphan-worktree-20260703-gemcutter/UGemCutter-linux/plugins/org.eclipse.osgi_3.20.0.v20240509-1421.jar)
WARNING: Please consider reporting this to the maintainers of class org.eclipse.osgi.internal.url.MultiplexingFactory
WARNING: sun.misc.Unsafe::staticFieldOffset will be removed in a future release
WARNING: A restricted method in java.lang.Runtime has been called
WARNING: java.lang.Runtime::load has been called by org.eclipse.equinox.launcher.JNIBridge in an unnamed module (file:/home/smy/p4-verify-camera-ready/.tmp/orphan-worktree-20260703-gemcutter/UGemCutter-linux/plugins/org.eclipse.equinox.launcher_1.6.800.v20240513-1750.jar)
WARNING: Use --enable-native-access=ALL-UNNAMED to avoid a warning for callers in this module
WARNING: Restricted methods will be blocked in a future release unless native access is enabled

This is Ultimate 0.3.1-dev-35a8436538
[2026-07-04 08:26:37,849 INFO  L188        SettingsManager]: Resetting all preferences to default values...
[2026-07-04 08:26:37,949 INFO  L114        SettingsManager]: Loading settings from /home/smy/p4-verify-camera-ready/src/dslc/toolchain/ultimate/settings/gemcutter/base/ReachSafety-32bit-GemCutter-ALL.epf
[2026-07-04 08:26:37,968 WARN  L101        SettingsManager]: Preference file contains the following unknown settings:
[2026-07-04 08:26:37,968 WARN  L103        SettingsManager]:   * de.uni_freiburg.informatik.ultimate.core.Log level for class
[2026-07-04 08:26:37,998 INFO  L130        SettingsManager]: Preferences different from defaults after loading the file:
[2026-07-04 08:26:37,999 INFO  L151        SettingsManager]: Preferences of UltimateCore differ from their defaults:
[2026-07-04 08:26:37,999 INFO  L153        SettingsManager]:  * Log level for class=de.uni_freiburg.informatik.ultimate.lib.smtlibutils.quantifier.QuantifierPusher=ERROR;
[2026-07-04 08:26:37,999 INFO  L151        SettingsManager]: Preferences of Boogie Procedure Inliner differ from their defaults:
[2026-07-04 08:26:37,999 INFO  L153        SettingsManager]:  * Ignore calls to procedures called more than once=ONLY_FOR_SEQUENTIAL_PROGRAMS
[2026-07-04 08:26:38,008 INFO  L151        SettingsManager]: Preferences of BlockEncodingV2 differ from their defaults:
[2026-07-04 08:26:38,008 INFO  L153        SettingsManager]:  * Create parallel compositions if possible=false
[2026-07-04 08:26:38,008 INFO  L153        SettingsManager]:  * Use SBE=true
[2026-07-04 08:26:38,008 INFO  L151        SettingsManager]: Preferences of CACSL2BoogieTranslator differ from their defaults:
[2026-07-04 08:26:38,008 INFO  L153        SettingsManager]:  * sizeof long=4
[2026-07-04 08:26:38,008 INFO  L153        SettingsManager]:  * Overapproximate operations on floating types=true
[2026-07-04 08:26:38,008 INFO  L153        SettingsManager]:  * sizeof POINTER=4
[2026-07-04 08:26:38,008 INFO  L153        SettingsManager]:  * Check division by zero=IGNORE
[2026-07-04 08:26:38,008 INFO  L153        SettingsManager]:  * If two pointers are subtracted or compared they have the same base address=IGNORE
[2026-07-04 08:26:38,008 INFO  L153        SettingsManager]:  * Pointer dereference validity=IGNORE
[2026-07-04 08:26:38,008 INFO  L153        SettingsManager]:  * sizeof long double=12
[2026-07-04 08:26:38,008 INFO  L153        SettingsManager]:  * Check if freed pointer was valid=false
[2026-07-04 08:26:38,008 INFO  L153        SettingsManager]:  * Use constant arrays=true
[2026-07-04 08:26:38,008 INFO  L151        SettingsManager]: Preferences of RCFGBuilder differ from their defaults:
[2026-07-04 08:26:38,009 INFO  L153        SettingsManager]:  * Size of a code block=SequenceOfStatements
[2026-07-04 08:26:38,009 INFO  L153        SettingsManager]:  * SMT solver=External_DefaultMode
[2026-07-04 08:26:38,009 INFO  L153        SettingsManager]:  * Command for external solver=z3 SMTLIB2_COMPLIANT=true -memory:2024 -smt2 -in -t:2000
[2026-07-04 08:26:38,009 INFO  L151        SettingsManager]: Preferences of TraceAbstraction differ from their defaults:
[2026-07-04 08:26:38,009 INFO  L153        SettingsManager]:  * Compute Interpolants along a Counterexample=FPandBP
[2026-07-04 08:26:38,009 INFO  L153        SettingsManager]:  * Positions where we compute the Hoare Annotation=LoopHeads
[2026-07-04 08:26:38,009 INFO  L153        SettingsManager]:  * DFS Order used in POR=LOOP_LOCKSTEP
[2026-07-04 08:26:38,009 INFO  L153        SettingsManager]:  * Command for external solver=z3 SMTLIB2_COMPLIANT=true -memory:2024 -smt2 -in
[2026-07-04 08:26:38,009 INFO  L153        SettingsManager]:  * Automaton type used in concurrency analysis=PARTIAL_ORDER_FA
[2026-07-04 08:26:38,009 INFO  L153        SettingsManager]:  * CEGAR restart behaviour=ONE_CEGAR_PER_THREAD_INSTANCE
[2026-07-04 08:26:38,009 INFO  L153        SettingsManager]:  * Partial Order Reduction in concurrent analysis=PERSISTENT_SLEEP_NEW_STATES_FIXEDORDER
[2026-07-04 08:26:38,009 INFO  L153        SettingsManager]:  * SMT solver=External_ModelsAndUnsatCoreMode
Applying setting for plugin de.uni_freiburg.informatik.ultimate.core: Toolchain timeout in seconds -> 900
[2026-07-04 08:26:38,617 INFO  L75    nceAwareModelManager]: Repository-Root is: /tmp
[2026-07-04 08:26:38,636 INFO  L261   ainManager$Toolchain]: [Toolchain 1]: Applicable parser(s) successfully (re)initialized
[2026-07-04 08:26:38,637 INFO  L217   ainManager$Toolchain]: [Toolchain 1]: Toolchain selected.
[2026-07-04 08:26:38,638 INFO  L270        PluginConnector]: Initializing Boogie PL CUP Parser...
[2026-07-04 08:26:38,640 INFO  L274        PluginConnector]: Boogie PL CUP Parser initialized
[2026-07-04 08:26:38,648 INFO  L431   ainManager$Toolchain]: [Toolchain 1]: Parsing single file: /home/smy/p4-verify-camera-ready/.tmp/procurator/verify/distcache_p2c_wraparound_bug/20260704-082633-cdbf/wraparound/target.00.clientTrack_partitionswitchIngress_leafload_reg/distcache_p2c_wraparound_bug.cegis.00.entry_check.bpl
[2026-07-04 08:26:38,648 INFO  L110           BoogieParser]: Parsing: '/home/smy/p4-verify-camera-ready/.tmp/procurator/verify/distcache_p2c_wraparound_bug/20260704-082633-cdbf/wraparound/target.00.clientTrack_partitionswitchIngress_leafload_reg/distcache_p2c_wraparound_bug.cegis.00.entry_check.bpl'
[2026-07-04 08:26:38,722 INFO  L299   ainManager$Toolchain]: ####################### [Toolchain 1] #######################
[2026-07-04 08:26:38,735 INFO  L133        ToolchainWalker]: Walking toolchain with 4 elements.
[2026-07-04 08:26:38,736 INFO  L112        PluginConnector]: ------------------------Boogie Procedure Inliner----------------------------
[2026-07-04 08:26:38,736 INFO  L270        PluginConnector]: Initializing Boogie Procedure Inliner...
[2026-07-04 08:26:38,736 INFO  L274        PluginConnector]: Boogie Procedure Inliner initialized
[2026-07-04 08:26:38,753 INFO  L184        PluginConnector]: Executing the observer TypeChecker from plugin Boogie Procedure Inliner for "distcache_p2c_wraparound_bug.cegis.00.entry_check.bpl de.uni_freiburg.informatik.ultimate.boogie.parser AST 04.07 08:26:38" (1/1) ...
[2026-07-04 08:26:38,787 INFO  L184        PluginConnector]: Executing the observer Inliner from plugin Boogie Procedure Inliner for "distcache_p2c_wraparound_bug.cegis.00.entry_check.bpl de.uni_freiburg.informatik.ultimate.boogie.parser AST 04.07 08:26:38" (1/1) ...
[2026-07-04 08:26:38,824 INFO  L138                Inliner]: procedures = 49, calls = 110, calls flagged for inlining = 33, calls inlined = 2, statements flattened = 37
[2026-07-04 08:26:38,825 INFO  L131        PluginConnector]: ------------------------ END Boogie Procedure Inliner----------------------------
[2026-07-04 08:26:38,825 INFO  L112        PluginConnector]: ------------------------Boogie Preprocessor----------------------------
[2026-07-04 08:26:38,825 INFO  L270        PluginConnector]: Initializing Boogie Preprocessor...
[2026-07-04 08:26:38,825 INFO  L274        PluginConnector]: Boogie Preprocessor initialized
[2026-07-04 08:26:38,837 INFO  L184        PluginConnector]: Executing the observer EnsureBoogieModelObserver from plugin Boogie Preprocessor for "distcache_p2c_wraparound_bug.cegis.00.entry_check.bpl de.uni_freiburg.informatik.ultimate.boogie.parser AST 04.07 08:26:38" (1/1) ...
[2026-07-04 08:26:38,837 INFO  L184        PluginConnector]: Executing the observer TypeChecker from plugin Boogie Preprocessor for "distcache_p2c_wraparound_bug.cegis.00.entry_check.bpl de.uni_freiburg.informatik.ultimate.boogie.parser AST 04.07 08:26:38" (1/1) ...
[2026-07-04 08:26:38,842 INFO  L184        PluginConnector]: Executing the observer ConstExpander from plugin Boogie Preprocessor for "distcache_p2c_wraparound_bug.cegis.00.entry_check.bpl de.uni_freiburg.informatik.ultimate.boogie.parser AST 04.07 08:26:38" (1/1) ...
[2026-07-04 08:26:38,847 INFO  L184        PluginConnector]: Executing the observer StructExpander from plugin Boogie Preprocessor for "distcache_p2c_wraparound_bug.cegis.00.entry_check.bpl de.uni_freiburg.informatik.ultimate.boogie.parser AST 04.07 08:26:38" (1/1) ...
[2026-07-04 08:26:38,850 INFO  L184        PluginConnector]: Executing the observer ReplaceArrayAssignments from plugin Boogie Preprocessor for "distcache_p2c_wraparound_bug.cegis.00.entry_check.bpl de.uni_freiburg.informatik.ultimate.boogie.parser AST 04.07 08:26:38" (1/1) ...
[2026-07-04 08:26:38,851 INFO  L184        PluginConnector]: Executing the observer UnstructureCode from plugin Boogie Preprocessor for "distcache_p2c_wraparound_bug.cegis.00.entry_check.bpl de.uni_freiburg.informatik.ultimate.boogie.parser AST 04.07 08:26:38" (1/1) ...
[2026-07-04 08:26:38,854 INFO  L184        PluginConnector]: Executing the observer FunctionInliner from plugin Boogie Preprocessor for "distcache_p2c_wraparound_bug.cegis.00.entry_check.bpl de.uni_freiburg.informatik.ultimate.boogie.parser AST 04.07 08:26:38" (1/1) ...
[2026-07-04 08:26:38,855 INFO  L184        PluginConnector]: Executing the observer LTLStepAnnotator from plugin Boogie Preprocessor for "distcache_p2c_wraparound_bug.cegis.00.entry_check.bpl de.uni_freiburg.informatik.ultimate.boogie.parser AST 04.07 08:26:38" (1/1) ...
[2026-07-04 08:26:38,855 INFO  L184        PluginConnector]: Executing the observer BoogieSymbolTableConstructor from plugin Boogie Preprocessor for "distcache_p2c_wraparound_bug.cegis.00.entry_check.bpl de.uni_freiburg.informatik.ultimate.boogie.parser AST 04.07 08:26:38" (1/1) ...
[2026-07-04 08:26:38,858 INFO  L131        PluginConnector]: ------------------------ END Boogie Preprocessor----------------------------
[2026-07-04 08:26:38,858 INFO  L112        PluginConnector]: ------------------------RCFGBuilder----------------------------
[2026-07-04 08:26:38,858 INFO  L270        PluginConnector]: Initializing RCFGBuilder...
[2026-07-04 08:26:38,858 INFO  L274        PluginConnector]: RCFGBuilder initialized
[2026-07-04 08:26:38,868 INFO  L184        PluginConnector]: Executing the observer RCFGBuilderObserver from plugin RCFGBuilder for "distcache_p2c_wraparound_bug.cegis.00.entry_check.bpl de.uni_freiburg.informatik.ultimate.boogie.parser AST 04.07 08:26:38" (1/1) ...
[2026-07-04 08:26:38,877 INFO  L173          SolverBuilder]: Constructing external solver with command: z3 SMTLIB2_COMPLIANT=true -memory:2024 -smt2 -in -t:2000
[2026-07-04 08:26:38,905 INFO  L189       MonitoredProcess]: No working directory specified, using /usr/bin/z3
[2026-07-04 08:26:38,932 INFO  L229       MonitoredProcess]: Starting monitored process 1 with /usr/bin/z3 SMTLIB2_COMPLIANT=true -memory:2024 -smt2 -in -t:2000 (exit command is (exit), workingDir is null)
[2026-07-04 08:26:38,945 INFO  L327       MonitoredProcess]: [MP /usr/bin/z3 SMTLIB2_COMPLIANT=true -memory:2024 -smt2 -in -t:2000 (1)] Waiting until timeout for monitored process
[2026-07-04 08:26:39,008 INFO  L124     BoogieDeclarations]: Specification and implementation of procedure ULTIMATE.start given in one single declaration
[2026-07-04 08:26:39,008 INFO  L130     BoogieDeclarations]: Found specification of procedure ULTIMATE.start
[2026-07-04 08:26:39,009 INFO  L138     BoogieDeclarations]: Found implementation of procedure ULTIMATE.start
[2026-07-04 08:26:39,264 INFO  L234             CfgBuilder]: Building ICFG
[2026-07-04 08:26:39,266 INFO  L260             CfgBuilder]: Building CFG for each procedure with an implementation
[2026-07-04 08:26:39,332 INFO  L?                        ?]: Removed 0 outVars from TransFormulas that were not future-live.
[2026-07-04 08:26:39,332 INFO  L283             CfgBuilder]: Performing block encoding
[2026-07-04 08:26:39,342 INFO  L89      LargeBlockEncoding]: Applying CFG Large Block Encoding to ICFG that has 1 procedures, 7 locations, 6 edges, 0 initial locations, 0 loop locations, and 1 error locations.
[2026-07-04 08:26:39,350 INFO  L139     LargeBlockEncoding]: LargeBlockEncoding completed in 17 ms, with 0 straightline sequential compositions, 0 parallel compositions, 0 1:n/n:1 sequential compositions and 0 complex sequential compositions.
[2026-07-04 08:26:39,351 INFO  L307             CfgBuilder]: Using the 1 location(s) as analysis (start of procedure ULTIMATE.start)
[2026-07-04 08:26:39,351 INFO  L312             CfgBuilder]: Removed 0 assume(true) statements.
[2026-07-04 08:26:39,353 INFO  L314             CfgBuilder]: Constructed ICFG has 1 procedures, 7 locations, 6 edges, 1 initial locations, 0 loop locations, and 1 error locations.
[2026-07-04 08:26:39,354 INFO  L201        PluginConnector]: Adding new model distcache_p2c_wraparound_bug.cegis.00.entry_check.bpl de.uni_freiburg.informatik.ultimate.plugins.generator.rcfgbuilder CFG 04.07 08:26:39 BoogieIcfgContainer
[2026-07-04 08:26:39,354 INFO  L131        PluginConnector]: ------------------------ END RCFGBuilder----------------------------
[2026-07-04 08:26:39,355 INFO  L112        PluginConnector]: ------------------------TraceAbstraction----------------------------
[2026-07-04 08:26:39,355 INFO  L270        PluginConnector]: Initializing TraceAbstraction...
[2026-07-04 08:26:39,366 INFO  L274        PluginConnector]: TraceAbstraction initialized
[2026-07-04 08:26:39,367 INFO  L184        PluginConnector]: Executing the observer TraceAbstractionObserver from plugin TraceAbstraction for "distcache_p2c_wraparound_bug.cegis.00.entry_check.bpl de.uni_freiburg.informatik.ultimate.boogie.parser AST 04.07 08:26:38" (1/2) ...
[2026-07-04 08:26:39,369 INFO  L204        PluginConnector]: Invalid model from TraceAbstraction for observer de.uni_freiburg.informatik.ultimate.plugins.generator.traceabstraction.TraceAbstractionObserver@9c03f82 and model type distcache_p2c_wraparound_bug.cegis.00.entry_check.bpl de.uni_freiburg.informatik.ultimate.plugins.generator.traceabstraction AST 04.07 08:26:39, skipping insertion in model container
[2026-07-04 08:26:39,369 INFO  L184        PluginConnector]: Executing the observer TraceAbstractionObserver from plugin TraceAbstraction for "distcache_p2c_wraparound_bug.cegis.00.entry_check.bpl de.uni_freiburg.informatik.ultimate.plugins.generator.rcfgbuilder CFG 04.07 08:26:39" (2/2) ...
[2026-07-04 08:26:39,370 INFO  L128   eAbstractionObserver]: Analyzing ICFG distcache_p2c_wraparound_bug.cegis.00.entry_check.bpl
[2026-07-04 08:26:39,383 INFO  L217   ceAbstractionStarter]: Automizer settings: Hoare:LoopHeads NWA Interpolation:FPandBP Determinization: PREDICATE_ABSTRACTION
[2026-07-04 08:26:39,384 INFO  L151   ceAbstractionStarter]: Applying trace abstraction to ICFG distcache_p2c_wraparound_bug.cegis.00.entry_check.bpl that has 1 procedures, 7 locations, 6 edges, 1 initial locations, 0 loop locations, and 1 error locations.
[2026-07-04 08:26:39,385 WARN  L366   ceAbstractionStarter]: Program is not concurrent. Changing CEGAR restart behaviour to ONLY_ONE_CEGAR
[2026-07-04 08:26:39,499 INFO  L344      AbstractCegarLoop]: ======== Iteration 0 == of CEGAR loop == AllErrorsAtOnce ========
[2026-07-04 08:26:39,514 INFO  L345      AbstractCegarLoop]: Settings: SEPARATE_VIOLATION_CHECK=true, mInterprocedural=true, mMaxIterations=1000000, mWatchIteration=1000000, mArtifact=RCFG, mInterpolation=FPandBP, mInterpolantAutomaton=STRAIGHT_LINE, mDumpAutomata=false, mAutomataFormat=ATS_NUMERATE, mDumpPath=., mDeterminiation=PREDICATE_ABSTRACTION, mMinimize=MINIMIZE_SEVPA, mAutomataTypeConcurrency=PARTIAL_ORDER_FA, mHoareTripleChecks=INCREMENTAL, mHoareAnnotationPositions=LoopHeads, mDumpOnlyReuseAutomata=false, mLimitTraceHistogram=0, mErrorLocTimeLimit=0, mLimitPathProgramCount=0, mCollectInterpolantStatistics=true, mHeuristicEmptinessCheck=false, mHeuristicEmptinessCheckAStarHeuristic=ZERO, mHeuristicEmptinessCheckAStarHeuristicRandomSeed=1337, mHeuristicEmptinessCheckSmtFeatureScoringMethod=DAGSIZE, mSMTFeatureExtraction=false, mSMTFeatureExtractionDumpPath=., mOverrideInterpolantAutomaton=false, mMcrInterpolantMethod=WP, mPorIndependenceSettings=[Lde.uni_freiburg.informatik.ultimate.lib.tracecheckerutils.partialorder.independence.IndependenceSettings;@7234a75f, mLbeIndependenceSettings=[IndependenceType=SEMANTIC, AbstractionType=NONE, UseConditional=false, UseSemiCommutativity=true, Solver=Z3, SolverTimeout=1000ms]
[2026-07-04 08:26:39,514 INFO  L346      AbstractCegarLoop]: Starting to check reachability of 1 error locations.
[2026-07-04 08:26:39,522 INFO  L278                IsEmpty]: Start isEmpty. Operand  has 7 states, 5 states have (on average 1.2) internal successors, (6), 6 states have internal predecessors, (6), 0 states have call successors, (0), 0 states have call predecessors, (0), 0 states have return successors, (0), 0 states have call predecessors, (0), 0 states have call successors, (0)
[2026-07-04 08:26:39,529 INFO  L284                IsEmpty]: Finished isEmpty. Found accepting run of length 3
[2026-07-04 08:26:39,529 INFO  L199           NwaCegarLoop]: Found error trace
[2026-07-04 08:26:39,529 INFO  L207           NwaCegarLoop]: trace histogram [1, 1]
[2026-07-04 08:26:39,530 INFO  L408      AbstractCegarLoop]: === Iteration 1 === Targeting ULTIMATE.startErr0ASSERT_VIOLATIONASSERT === [ULTIMATE.startErr0ASSERT_VIOLATIONASSERT] ===
[2026-07-04 08:26:39,538 INFO  L156       PredicateUnifier]: Initialized classic predicate unifier
[2026-07-04 08:26:39,538 INFO  L85        PathProgramCache]: Analyzing trace with hash 962, now seen corresponding path program 1 times
[2026-07-04 08:26:39,542 INFO  L118   FreeRefinementEngine]: Executing refinement strategy FIXED_PREFERENCES
[2026-07-04 08:26:39,547 INFO  L324   FreeRefinementEngine]: Using trace check IpTcStrategyModulePreferences [942627167]
[2026-07-04 08:26:39,547 INFO  L97    rtionOrderModulation]: Keeping assertion order NOT_INCREMENTALLY
[2026-07-04 08:26:39,547 INFO  L173          SolverBuilder]: Constructing external solver with command: z3 SMTLIB2_COMPLIANT=true -memory:2024 -smt2 -in
[2026-07-04 08:26:39,549 INFO  L189       MonitoredProcess]: No working directory specified, using /usr/bin/z3
[2026-07-04 08:26:39,562 INFO  L229       MonitoredProcess]: Starting monitored process 2 with /usr/bin/z3 SMTLIB2_COMPLIANT=true -memory:2024 -smt2 -in (exit command is (exit), workingDir is null)
[2026-07-04 08:26:39,563 INFO  L327       MonitoredProcess]: [MP /usr/bin/z3 SMTLIB2_COMPLIANT=true -memory:2024 -smt2 -in (2)] Waiting until timeout for monitored process
[2026-07-04 08:26:39,737 INFO  L108    AnnotateAndAsserter]: Assert order NOT_INCREMENTALLY partitioned 2 statements into 1 equivalence classes.
[2026-07-04 08:26:39,741 INFO  L111    AnnotateAndAsserter]: Assert order NOT_INCREMENTALLY issued 1 check-sat command(s) and asserted 2 of 2 statements.
[2026-07-04 08:26:39,741 INFO  L114    AnnotateAndAsserter]: Assert order NOT_INCREMENTALLY issued 1 check-sat command(s)
[2026-07-04 08:26:39,741 INFO  L115    AnnotateAndAsserter]: Conjunction of SSA is sat
[2026-07-04 08:26:39,742 INFO  L348             TraceCheck]: Trace is feasible, we will do another trace check, this time with branch encoders.
[2026-07-04 08:26:39,795 INFO  L108    AnnotateAndAsserter]: Assert order NOT_INCREMENTALLY partitioned 2 statements into 1 equivalence classes.
[2026-07-04 08:26:39,800 INFO  L111    AnnotateAndAsserter]: Assert order NOT_INCREMENTALLY issued 1 check-sat command(s) and asserted 2 of 2 statements.
[2026-07-04 08:26:39,800 INFO  L114    AnnotateAndAsserter]: Assert order NOT_INCREMENTALLY issued 1 check-sat command(s)
[2026-07-04 08:26:39,800 INFO  L115    AnnotateAndAsserter]: Conjunction of SSA is sat
[2026-07-04 08:26:39,907 INFO  L130   FreeRefinementEngine]: Strategy FIXED_PREFERENCES found a feasible trace
[2026-07-04 08:26:39,913 INFO  L342         BasicCegarLoop]: Counterexample is feasible
[2026-07-04 08:26:39,914 INFO  L795   garLoopResultBuilder]: Registering result UNSAFE for location ULTIMATE.startErr0ASSERT_VIOLATIONASSERT (0 of 1 remaining)
[2026-07-04 08:26:39,938 INFO  L546       MonitoredProcess]: [MP /usr/bin/z3 SMTLIB2_COMPLIANT=true -memory:2024 -smt2 -in (2)] Ended with exit code 0
Received shutdown request...
[2026-07-04 08:26:39,947 INFO  L546       MonitoredProcess]: [MP /usr/bin/z3 SMTLIB2_COMPLIANT=true -memory:2024 -smt2 -in -t:2000 (1)] Ended with exit code 143
[2026-07-04 08:26:40,124 WARN  L471      AbstractCegarLoop]: Destroyed unattended storables created during the last iteration: 2 /usr/bin/z3 SMTLIB2_COMPLIANT=true -memory:2024 -smt2 -in
[2026-07-04 08:26:40,128 INFO  L424         BasicCegarLoop]: Path program histogram: [1]
[2026-07-04 08:26:40,146 INFO  L171   ceAbstractionStarter]: Computing trace abstraction results
[2026-07-04 08:26:40,156 INFO  L201        PluginConnector]: Adding new model distcache_p2c_wraparound_bug.cegis.00.entry_check.bpl de.uni_freiburg.informatik.ultimate.plugins.generator.traceabstraction CFG 04.07 08:26:40 BoogieIcfgContainer
[2026-07-04 08:26:40,157 INFO  L131        PluginConnector]: ------------------------ END TraceAbstraction----------------------------
[2026-07-04 08:26:40,157 INFO  L158              Benchmark]: Toolchain (without parser) took 1434.77ms. Allocated memory is still 519.1MB. Free memory was 480.3MB in the beginning and 430.1MB in the end (delta: 50.2MB). Peak memory consumption was 50.2MB. Max. memory is 4.2GB.
[2026-07-04 08:26:40,157 INFO  L158              Benchmark]: Boogie PL CUP Parser took 0.16ms. Allocated memory is still 519.1MB. Free memory is still 487.4MB. There was no memory consumed. Max. memory is 4.2GB.
[2026-07-04 08:26:40,157 INFO  L158              Benchmark]: Boogie Procedure Inliner took 89.33ms. Allocated memory is still 519.1MB. Free memory was 480.3MB in the beginning and 478.8MB in the end (delta: 1.4MB). Peak memory consumption was 1.4MB. Max. memory is 4.2GB.
[2026-07-04 08:26:40,157 INFO  L158              Benchmark]: Boogie Preprocessor took 32.40ms. Allocated memory is still 519.1MB. Free memory was 478.8MB in the beginning and 477.4MB in the end (delta: 1.4MB). Peak memory consumption was 1.4MB. Max. memory is 4.2GB.
[2026-07-04 08:26:40,157 INFO  L158              Benchmark]: RCFGBuilder took 495.91ms. Allocated memory is still 519.1MB. Free memory was 477.4MB in the beginning and 460.9MB in the end (delta: 16.5MB). Peak memory consumption was 16.5MB. Max. memory is 4.2GB.
[2026-07-04 08:26:40,158 INFO  L158              Benchmark]: TraceAbstraction took 801.37ms. Allocated memory is still 519.1MB. Free memory was 459.5MB in the beginning and 430.1MB in the end (delta: 29.4MB). Peak memory consumption was 29.4MB. Max. memory is 4.2GB.
[2026-07-04 08:26:40,158 INFO  L338   ainManager$Toolchain]: #######################  End [Toolchain 1] #######################
 --- Results ---
 * Results from de.uni_freiburg.informatik.ultimate.core:
  - StatisticsResult: Toolchain Benchmarks
    Benchmark results are:
 * Boogie PL CUP Parser took 0.16ms. Allocated memory is still 519.1MB. Free memory is still 487.4MB. There was no memory consumed. Max. memory is 4.2GB.
 * Boogie Procedure Inliner took 89.33ms. Allocated memory is still 519.1MB. Free memory was 480.3MB in the beginning and 478.8MB in the end (delta: 1.4MB). Peak memory consumption was 1.4MB. Max. memory is 4.2GB.
 * Boogie Preprocessor took 32.40ms. Allocated memory is still 519.1MB. Free memory was 478.8MB in the beginning and 477.4MB in the end (delta: 1.4MB). Peak memory consumption was 1.4MB. Max. memory is 4.2GB.
 * RCFGBuilder took 495.91ms. Allocated memory is still 519.1MB. Free memory was 477.4MB in the beginning and 460.9MB in the end (delta: 16.5MB). Peak memory consumption was 16.5MB. Max. memory is 4.2GB.
 * TraceAbstraction took 801.37ms. Allocated memory is still 519.1MB. Free memory was 459.5MB in the beginning and 430.1MB in the end (delta: 29.4MB). Peak memory consumption was 29.4MB. Max. memory is 4.2GB.
 * Results from de.uni_freiburg.informatik.ultimate.plugins.generator.traceabstraction:
  - StatisticsResult: ErrorAutomatonStatistics
    NumberErrorTraces: 0, NumberStatementsAllTraces: 0, NumberRelevantStatements: 0, 0.0s ErrorAutomatonConstructionTimeTotal, 0.0s FaulLocalizationTime, NumberStatementsFirstTrace: -1, TraceLengthAvg: 0, 0.0s ErrorAutomatonConstructionTimeAvg, 0.0s ErrorAutomatonDifferenceTimeAvg, 0.0s ErrorAutomatonDifferenceTimeTotal, NumberOfNoEnhancement: 0, NumberOfFiniteEnhancement: 0, NumberOfInfiniteEnhancement: 0
  - CounterExampleResult [Line: 1607]: assertion can be violated
    assertion can be violated
We found a FailurePath: 
[L1601]  CALL  call mainProcedure();
[L1554]        clientTrack_inbox_count := 0;
[L1555]        clientTrack_pkt_external := false;
[L1556]        io_inbox_count := 0;
[L1557]        io_pkt_external := false;
[L1559]        clientTrack_p4b_clone_i2e := false;
[L1560]        clientTrack_p4b_clone_e2e := false;
[L1561]        clientTrack_p4b_clone_i2i := false;
[L1562]        clientTrack_p4b_recirculate := false;
[L1565]        dsl_pump_mode := true;
[L1567]        assume (forall i : bv32 :: clientTrack_partitionswitchIngress_leafload_reg[i] == 0bv32);
[L1568]        assume clientTrack_partitionswitchIngress_leafload_reg[0bv32] == 0bv32;
[L1569]        assume (forall i : bv32 :: clientTrack_partitionswitchIngress_spineload_reg[i] == 0bv32);
[L1570]        assume clientTrack_partitionswitchIngress_spineload_reg[0bv32] == 0bv32;
[L1572]        clientTrack_partitionswitchIngress_leafload_reg__last_index := 0bv32;
[L1573]        clientTrack_partitionswitchIngress_leafload_reg__last_value := 0bv32;
[L1574]        clientTrack_partitionswitchIngress_leafload_reg__last_old_value := 0bv32;
[L1575]        clientTrack_partitionswitchIngress_leafload_reg__wrote_any := false;
[L1576]        clientTrack_partitionswitchIngress_leafload_reg__wrote_index0 := false;
[L1577]        clientTrack_partitionswitchIngress_leafload_reg__next_write_site := 0;
[L1578]        clientTrack_partitionswitchIngress_leafload_reg__last_write_site := 0;
[L1579]        clientTrack_partitionswitchIngress_leafload_reg__last0_old_value := 0bv32;
[L1580]        clientTrack_partitionswitchIngress_leafload_reg__last0_value := 0bv32;
[L1581]        clientTrack_partitionswitchIngress_spineload_reg__last_index := 0bv32;
[L1582]        clientTrack_partitionswitchIngress_spineload_reg__last_value := 0bv32;
[L1583]        clientTrack_partitionswitchIngress_spineload_reg__last_old_value := 0bv32;
[L1584]        clientTrack_partitionswitchIngress_spineload_reg__wrote_any := false;
[L1585]        clientTrack_partitionswitchIngress_spineload_reg__wrote_index0 := false;
[L1586]        clientTrack_partitionswitchIngress_spineload_reg__next_write_site := 0;
[L1587]        clientTrack_partitionswitchIngress_spineload_reg__last_write_site := 0;
[L1588]        clientTrack_partitionswitchIngress_spineload_reg__last0_old_value := 0bv32;
[L1589]        clientTrack_partitionswitchIngress_spineload_reg__last0_value := 0bv32;
[L1591]        procurator_step := 0;
[L1592]        procurator_phase := 0;
[L1593]  CALL  call __wraparound_entry_error();
[L1607]        assert false;
         VAL   [clientTrack_inbox_count=0, clientTrack_p4b_clone_e2e=false, clientTrack_p4b_clone_i2e=false, clientTrack_p4b_clone_i2i=false, clientTrack_p4b_recirculate=false, clientTrack_partitionswitchIngress_leafload_reg__last0_old_value=0bv32, clientTrack_partitionswitchIngress_leafload_reg__last0_value=0bv32, clientTrack_partitionswitchIngress_leafload_reg__last_index=0bv32, clientTrack_partitionswitchIngress_leafload_reg__last_old_value=0bv32, clientTrack_partitionswitchIngress_leafload_reg__last_value=0bv32, clientTrack_partitionswitchIngress_leafload_reg__last_write_site=0, clientTrack_partitionswitchIngress_leafload_reg__next_write_site=0, clientTrack_partitionswitchIngress_leafload_reg__wrote_any=false, clientTrack_partitionswitchIngress_leafload_reg__wrote_index0=false, clientTrack_partitionswitchIngress_spineload_reg__last0_old_value=0bv32, clientTrack_partitionswitchIngress_spineload_reg__last0_value=0bv32, clientTrack_partitionswitchIngress_spineload_reg__last_index=0bv32, clientTrack_partitionswitchIngress_spineload_reg__last_old_value=0bv32, clientTrack_partitionswitchIngress_spineload_reg__last_value=0bv32, clientTrack_partitionswitchIngress_spineload_reg__last_write_site=0, clientTrack_partitionswitchIngress_spineload_reg__next_write_site=0, clientTrack_partitionswitchIngress_spineload_reg__wrote_any=false, clientTrack_partitionswitchIngress_spineload_reg__wrote_index0=false, clientTrack_pkt_external=false, dsl_pump_mode=true, io_inbox_count=0, io_pkt_external=false, procurator_phase=0, procurator_step=0]

  - StatisticsResult: Ultimate Automizer benchmark data
    CFG has 1 procedures, 7 locations, 6 edges, 1 error locations. Started 1 CEGAR loops. OverallTime: 0.7s, OverallIterations: 1, TraceHistogramMax: 1, PathProgramHistogramMax: 1, EmptinessCheckTime: 0.0s, AutomataDifference: 0.0s, DeadEndRemovalTime: 0.0s, HoareAnnotationTime: 0.0s, InitialAbstractionConstructionTime: 0.0s, HoareTripleCheckerStatistics: , PredicateUnifierStatistics: No data available, 0.0s BasicInterpolantAutomatonTime, BiggestAbstraction: size=7occurred in iteration=0, InterpolantAutomatonStates: 0, traceCheckStatistics: No data available, InterpolantConsolidationStatistics: No data available, PathInvariantsStatistics: No data available, 0/0 InterpolantCoveringCapability, TotalInterpolationStatistics: No data available, 0.0s DumpTime, AutomataMinimizationStatistics: No data available, HoareAnnotationStatistics: No data available, RefinementEngineStatistics: TRACE_CHECK: 0.0s SsaConstructionTime, 0.0s SatisfiabilityAnalysisTime, 0.0s InterpolantComputationTime, 2 NumberOfCodeBlocks, 2 NumberOfCodeBlocksAsserted, 1 NumberOfCheckSat, 0 ConstructedInterpolants, 0 QuantifiedInterpolants, 0 SizeOfPredicates, 0 NumberOfNonLiveVariables, 0 ConjunctsInSsa, 0 ConjunctsInUnsatCore, 0 InterpolantComputations, 0 PerfectInterpolantSequences, 0/0 InterpolantCoveringCapability, INVARIANT_SYNTHESIS: No data available, INTERPOLANT_CONSOLIDATION: No data available, ABSTRACT_INTERPRETATION: No data available, PDR: No data available, ACCELERATED_INTERPOLATION: No data available, SIFA: No data available, ReuseStatistics: No data available, ConComCheckerStatistics: No data available
RESULT: Ultimate proved your program to be incorrect!
Completed graceful shutdown
